Archive member included to satisfy reference by file (symbol)

C:/ST/STM32CubeIDE_1.19.0/STM32CubeIDE/plugins/com.st.stm32cube.ide.mcu.externaltools.gnu-tools-for-stm32.13.3.rel1.win32_1.0.0.202411081344/tools/bin/../lib/gcc/arm-none-eabi/13.3.1/../../../../arm-none-eabi/lib/thumb/v7e-m+fp/hard\libc_nano.a(libc_a-exit.o)
                              C:/ST/STM32CubeIDE_1.19.0/STM32CubeIDE/plugins/com.st.stm32cube.ide.mcu.externaltools.gnu-tools-for-stm32.13.3.rel1.win32_1.0.0.202411081344/tools/bin/../lib/gcc/arm-none-eabi/13.3.1/../../../../arm-none-eabi/lib/thumb/v7e-m+fp/hard/crt0.o (exit)
C:/ST/STM32CubeIDE_1.19.0/STM32CubeIDE/plugins/com.st.stm32cube.ide.mcu.externaltools.gnu-tools-for-stm32.13.3.rel1.win32_1.0.0.202411081344/tools/bin/../lib/gcc/arm-none-eabi/13.3.1/../../../../arm-none-eabi/lib/thumb/v7e-m+fp/hard\libc_nano.a(libc_a-malloc.o)
                              ./Core/Src/monitors_config.o (malloc)
C:/ST/STM32CubeIDE_1.19.0/STM32CubeIDE/plugins/com.st.stm32cube.ide.mcu.externaltools.gnu-tools-for-stm32.13.3.rel1.win32_1.0.0.202411081344/tools/bin/../lib/gcc/arm-none-eabi/13.3.1/../../../../arm-none-eabi/lib/thumb/v7e-m+fp/hard\libc_nano.a(libc_a-mallocr.o)
                              C:/ST/STM32CubeIDE_1.19.0/STM32CubeIDE/plugins/com.st.stm32cube.ide.mcu.externaltools.gnu-tools-for-stm32.13.3.rel1.win32_1.0.0.202411081344/tools/bin/../lib/gcc/arm-none-eabi/13.3.1/../../../../arm-none-eabi/lib/thumb/v7e-m+fp/hard\libc_nano.a(libc_a-malloc.o) (_malloc_r)
C:/ST/STM32CubeIDE_1.19.0/STM32CubeIDE/plugins/com.st.stm32cube.ide.mcu.externaltools.gnu-tools-for-stm32.13.3.rel1.win32_1.0.0.202411081344/tools/bin/../lib/gcc/arm-none-eabi/13.3.1/../../../../arm-none-eabi/lib/thumb/v7e-m+fp/hard\libc_nano.a(libc_a-mlock.o)
                              C:/ST/STM32CubeIDE_1.19.0/STM32CubeIDE/plugins/com.st.stm32cube.ide.mcu.externaltools.gnu-tools-for-stm32.13.3.rel1.win32_1.0.0.202411081344/tools/bin/../lib/gcc/arm-none-eabi/13.3.1/../../../../arm-none-eabi/lib/thumb/v7e-m+fp/hard\libc_nano.a(libc_a-mallocr.o) (__malloc_lock)
C:/ST/STM32CubeIDE_1.19.0/STM32CubeIDE/plugins/com.st.stm32cube.ide.mcu.externaltools.gnu-tools-for-stm32.13.3.rel1.win32_1.0.0.202411081344/tools/bin/../lib/gcc/arm-none-eabi/13.3.1/../../../../arm-none-eabi/lib/thumb/v7e-m+fp/hard\libc_nano.a(libc_a-findfp.o)
                              C:/ST/STM32CubeIDE_1.19.0/STM32CubeIDE/plugins/com.st.stm32cube.ide.mcu.externaltools.gnu-tools-for-stm32.13.3.rel1.win32_1.0.0.202411081344/tools/bin/../lib/gcc/arm-none-eabi/13.3.1/../../../../arm-none-eabi/lib/thumb/v7e-m+fp/hard\libc_nano.a(libc_a-exit.o) (__stdio_exit_handler)
C:/ST/STM32CubeIDE_1.19.0/STM32CubeIDE/plugins/com.st.stm32cube.ide.mcu.externaltools.gnu-tools-for-stm32.13.3.rel1.win32_1.0.0.202411081344/tools/bin/../lib/gcc/arm-none-eabi/13.3.1/../../../../arm-none-eabi/lib/thumb/v7e-m+fp/hard\libc_nano.a(libc_a-fwalk.o)
                              C:/ST/STM32CubeIDE_1.19.0/STM32CubeIDE/plugins/com.st.stm32cube.ide.mcu.externaltools.gnu-tools-for-stm32.13.3.rel1.win32_1.0.0.202411081344/tools/bin/../lib/gcc/arm-none-eabi/13.3.1/../../../../arm-none-eabi/lib/thumb/v7e-m+fp/hard\libc_nano.a(libc_a-findfp.o) (_fwalk_sglue)
C:/ST/STM32CubeIDE_1.19.0/STM32CubeIDE/plugins/com.st.stm32cube.ide.mcu.externaltools.gnu-tools-for-stm32.13.3.rel1.win32_1.0.0.202411081344/tools/bin/../lib/gcc/arm-none-eabi/13.3.1/../../../../arm-none-eabi/lib/thumb/v7e-m+fp/hard\libc_nano.a(libc_a-snprintf.o)
                              ./Core/Src/main.o (snprintf)
C:/ST/STM32CubeIDE_1.19.0/STM32CubeIDE/plugins/com.st.stm32cube.ide.mcu.externaltools.gnu-tools-for-stm32.13.3.rel1.win32_1.0.0.202411081344/tools/bin/../lib/gcc/arm-none-eabi/13.3.1/../../../../arm-none-eabi/lib/thumb/v7e-m+fp/hard\libc_nano.a(libc_a-stdio.o)
                              C:/ST/STM32CubeIDE_1.19.0/STM32CubeIDE/plugins/com.st.stm32cube.ide.mcu.externaltools.gnu-tools-for-stm32.13.3.rel1.win32_1.0.0.202411081344/tools/bin/../lib/gcc/arm-none-eabi/13.3.1/../../../../arm-none-eabi/lib/thumb/v7e-m+fp/hard\libc_nano.a(libc_a-findfp.o) (__sread)
C:/ST/STM32CubeIDE_1.19.0/STM32CubeIDE/plugins/com.st.stm32cube.ide.mcu.externaltools.gnu-tools-for-stm32.13.3.rel1.win32_1.0.0.202411081344/tools/bin/../lib/gcc/arm-none-eabi/13.3.1/../../../../arm-none-eabi/lib/thumb/v7e-m+fp/hard\libc_nano.a(libc_a-memset.o)
                              C:/ST/STM32CubeIDE_1.19.0/STM32CubeIDE/plugins/com.st.stm32cube.ide.mcu.externaltools.gnu-tools-for-stm32.13.3.rel1.win32_1.0.0.202411081344/tools/bin/../lib/gcc/arm-none-eabi/13.3.1/../../../../arm-none-eabi/lib/thumb/v7e-m+fp/hard/crt0.o (memset)
C:/ST/STM32CubeIDE_1.19.0/STM32CubeIDE/plugins/com.st.stm32cube.ide.mcu.externaltools.gnu-tools-for-stm32.13.3.rel1.win32_1.0.0.202411081344/tools/bin/../lib/gcc/arm-none-eabi/13.3.1/../../../../arm-none-eabi/lib/thumb/v7e-m+fp/hard\libc_nano.a(libc_a-strncmp.o)
                              ./Core/Src/jsmn.o (strncmp)
[...]
Memory Configuration

Name             Origin             Length             Attributes
RAM              0x20000000         0x0000c000         xrw
RAM2             0x10000000         0x00004000         xrw
FLASH            0x08000000         0x00040000         xr
*default*        0x00000000         0xffffffff

Linker script and memory map

LOAD C:/ST/STM32CubeIDE_1.19.0/STM32CubeIDE/plugins/com.st.stm32cube.ide.mcu.externaltools.gnu-tools-for-stm32.13.3.rel1.win32_1.0.0.202411081344/tools/bin/../lib/gcc/arm-none-eabi/13.3.1/thumb/v7e-m+fp/hard/crti.o
LOAD C:/ST/STM32CubeIDE_1.19.0/STM32CubeIDE/plugins/com.st.stm32cube.ide.mcu.externaltools.gnu-tools-for-stm32.13.3.rel1.win32_1.0.0.202411081344/tools/bin/../lib/gcc/arm-none-eabi/13.3.1/thumb/v7e-m+fp/hard/crtbegin.o
LOAD C:/ST/STM32CubeIDE_1.19.0/STM32CubeIDE/plugins/com.st.stm32cube.ide.mcu.externaltools.gnu-tools-for-stm32.13.3.rel1.win32_1.0.0.202411081344/tools/bin/../lib/gcc/arm-none-eabi/13.3.1/../../../../arm-none-eabi/lib/thumb/v7e-m+fp/hard/crt0.o
LOAD ./Core/Src/ds1804.o
LOAD ./Core/Src/freertos.o
LOAD ./Core/Src/input.o
LOAD ./Core/Src/jsmn.o
LOAD ./Core/Src/json_cmd.o
LOAD ./Core/Src/main.o
LOAD ./Core/Src/max3485.o
LOAD ./Core/Src/monitors_config.o
LOAD ./Core/Src/output.o
LOAD ./Core/Src/pcf8575.o
LOAD ./Core/Src/stm32l4xx_hal_msp.o
LOAD ./Core/Src/stm32l4xx_it.o
LOAD ./Core/Src/syscalls.o
LOAD ./Core/Src/sysmem.o
LOAD ./Core/Src/system_stm32l4xx.o
LOAD ./Core/Startup/startup_stm32l431rctx.o
LOAD ./Drivers/STM32L4xx_HAL_Driver/Src/stm32l4xx_hal.o
LOAD ./Drivers/STM32L4xx_HAL_Driver/Src/stm32l4xx_hal_cortex.o
LOAD ./Drivers/STM32L4xx_HAL_Driver/Src/stm32l4xx_hal_dma.o
LOAD ./Drivers/STM32L4xx_HAL_Driver/Src/stm32l4xx_hal_dma_ex.o
LOAD ./Drivers/STM32L4xx_HAL_Driver/Src/stm32l4xx_hal_exti.o
LOAD ./Drivers/STM32L4xx_HAL_Driver/Src/stm32l4xx_hal_flash.o
LOAD ./Drivers/STM32L4xx_HAL_Driver/Src/stm32l4xx_hal_flash_ex.o
LOAD ./Drivers/STM32L4xx_HAL_Driver/Src/stm32l4xx_hal_flash_ramfunc.o
LOAD ./Drivers/STM32L4xx_HAL_Driver/Src/stm32l4xx_hal_gpio.o
LOAD ./Drivers/STM32L4xx_HAL_Driver/Src/stm32l4xx_hal_i2c.o
LOAD ./Drivers/STM32L4xx_HAL_Driver/Src/stm32l4xx_hal_i2c_ex.o
LOAD ./Drivers/STM32L4xx_HAL_Driver/Src/stm32l4xx_hal_pwr.o
LOAD ./Drivers/STM32L4xx_HAL_Driver/Src/stm32l4xx_hal_pwr_ex.o
LOAD ./Drivers/STM32L4xx_HAL_Driver/Src/stm32l4xx_hal_rcc.o
LOAD ./Drivers/STM32L4xx_HAL_Driver/Src/stm32l4xx_hal_rcc_ex.o
LOAD ./Drivers/STM32L4xx_HAL_Driver/Src/stm32l4xx_hal_tim.o
LOAD ./Drivers/STM32L4xx_HAL_Driver/Src/stm32l4xx_hal_tim_ex.o
LOAD ./Drivers/STM32L4xx_HAL_Driver/Src/stm32l4xx_hal_uart.o
LOAD ./Drivers/STM32L4xx_HAL_Driver/Src/stm32l4xx_hal_uart_ex.o
LOAD ./Middlewares/Third_Party/FreeRTOS/Source/CMSIS_RTOS_V2/cmsis_os2.o
LOAD ./Middlewares/Third_Party/FreeRTOS/Source/croutine.o
LOAD ./Middlewares/Third_Party/FreeRTOS/Source/event_groups.o
LOAD ./Middlewares/Third_Party/FreeRTOS/Source/list.o
LOAD ./Middlewares/Third_Party/FreeRTOS/Source/queue.o
LOAD ./Middlewares/Third_Party/FreeRTOS/Source/stream_buffer.o
LOAD ./Middlewares/Third_Party/FreeRTOS/Source/tasks.o
LOAD ./Middlewares/Third_Party/FreeRTOS/Source/timers.o
LOAD ./Middlewares/Third_Party/FreeRTOS/Source/portable/GCC/ARM_CM4F/port.o
LOAD ./Middlewares/Third_Party/FreeRTOS/Source/portable/MemMang/heap_4.o
START GROUP
LOAD C:/ST/STM32CubeIDE_1.19.0/STM32CubeIDE/plugins/com.st.stm32cube.ide.mcu.externaltools.gnu-tools-for-stm32.13.3.rel1.win32_1.0.0.202411081344/tools/bin/../lib/gcc/arm-none-eabi/13.3.1/../../../../arm-none-eabi/lib/thumb/v7e-m+fp/hard\libc_nano.a
LOAD C:/ST/STM32CubeIDE_1.19.0/STM32CubeIDE/plugins/com.st.stm32cube.ide.mcu.externaltools.gnu-tools-for-stm32.13.3.rel1.win32_1.0.0.202411081344/tools/bin/../lib/gcc/arm-none-eabi/13.3.1/../../../../arm-none-eabi/lib/thumb/v7e-m+fp/hard\libm.a
END GROUP
START GROUP
LOAD C:/ST/STM32CubeIDE_1.19.0/STM32CubeIDE/plugins/com.st.stm32cube.ide.mcu.externaltools.gnu-tools-for-stm32.13.3.rel1.win32_1.0.0.202411081344/tools/bin/../lib/gcc/arm-none-eabi/13.3.1/thumb/v7e-m+fp/hard\libgcc.a
LOAD C:/ST/STM32CubeIDE_1.19.0/STM32CubeIDE/plugins/com.st.stm32cube.ide.mcu.externaltools.gnu-tools-for-stm32.13.3.rel1.win32_1.0.0.202411081344/tools/bin/../lib/gcc/arm-none-eabi/13.3.1/../../../../arm-none-eabi/lib/thumb/v7e-m+fp/hard\libc_nano.a
END GROUP
START GROUP
LOAD C:/ST/STM32CubeIDE_1.19.0/STM32CubeIDE/plugins/com.st.stm32cube.ide.mcu.externaltools.gnu-tools-for-stm32.13.3.rel1.win32_1.0.0.202411081344/tools/bin/../lib/gcc/arm-none-eabi/13.3.1/thumb/v7e-m+fp/hard\libgcc.a
LOAD C:/ST/STM32CubeIDE_1.19.0/STM32CubeIDE/plugins/com.st.stm32cube.ide.mcu.externaltools.gnu-tools-for-stm32.13.3.rel1.win32_1.0.0.202411081344/tools/bin/../lib/gcc/arm-none-eabi/13.3.1/../../../../arm-none-eabi/lib/thumb/v7e-m+fp/hard\libc_nano.a
LOAD C:/ST/STM32CubeIDE_1.19.0/STM32CubeIDE/plugins/com.st.stm32cube.ide.mcu.externaltools.gnu-tools-for-stm32.13.3.rel1.win32_1.0.0.202411081344/tools/bin/../lib/gcc/arm-none-eabi/13.3.1/../../../../arm-none-eabi/lib/thumb/v7e-m+fp/hard\libnosys.a
END GROUP
START GROUP
LOAD C:/ST/STM32CubeIDE_1.19.0/STM32CubeIDE/plugins/com.st.stm32cube.ide.mcu.externaltools.gnu-tools-for-stm32.13.3.rel1.win32_1.0.0.202411081344/tools/bin/../lib/gcc/arm-none-eabi/13.3.1/thumb/v7e-m+fp/hard\libgcc.a
LOAD C:/ST/STM32CubeIDE_1.19.0/STM32CubeIDE/plugins/com.st.stm32cube.ide.mcu.externaltools.gnu-tools-for-stm32.13.3.rel1.win32_1.0.0.202411081344/tools/bin/../lib/gcc/arm-none-eabi/13.3.1/../../../../arm-none-eabi/lib/thumb/v7e-m+fp/hard\libc_nano.a
LOAD C:/ST/STM32CubeIDE_1.19.0/STM32CubeIDE/plugins/com.st.stm32cube.ide.mcu.externaltools.gnu-tools-for-stm32.13.3.rel1.win32_1.0.0.202411081344/tools/bin/../lib/gcc/arm-none-eabi/13.3.1/../../../../arm-none-eabi/lib/thumb/v7e-m+fp/hard\libnosys.a
END GROUP
LOAD C:/ST/STM32CubeIDE_1.19.0/STM32CubeIDE/plugins/com.st.stm32cube.ide.mcu.externaltools.gnu-tools-for-stm32.13.3.rel1.win32_1.0.0.202411081344/tools/bin/../lib/gcc/arm-none-eabi/13.3.1/thumb/v7e-m+fp/hard/crtend.o
LOAD C:/ST/STM32CubeIDE_1.19.0/STM32CubeIDE/plugins/com.st.stm32cube.ide.mcu.externaltools.gnu-tools-for-stm32.13.3.rel1.win32_1.0.0.202411081344/tools/bin/../lib/gcc/arm-none-eabi/13.3.1/thumb/v7e-m+fp/hard/crtn.o
                0x2000c000                        _estack = (ORIGIN (RAM) + LENGTH (RAM))
                0x00000200                        _Min_Heap_Size = 0x200
                0x00000400                        _Min_Stack_Size = 0x400

.isr_vector     0x08000000      0x18c
                0x08000000                        . = ALIGN (0x4)
 *(.isr_vector)
 .isr_vector    0x08000000      0x18c ./Core/Startup/startup_stm32l431rctx.o
                0x08000000                g_pfnVectors
                0x0800018c                        . = ALIGN (0x4)

.text           0x08000190     0xce4c
                0x08000190                        . = ALIGN (0x4)
 *(.text)
 .text          0x08000190       0x40 C:/ST/STM32CubeIDE_1.19.0/STM32CubeIDE/plugins/com.st.stm32cube.ide.mcu.externaltools.gnu-tools-for-stm32.13.3.rel1.win32_1.0.0.202411081344/tools/bin/../lib/gcc/arm-none-eabi/13.3.1/thumb/v7e-m+fp/hard/crtbegin.o
 .text          0x080001d0       0x14 C:/ST/STM32CubeIDE_1.19.0/STM32CubeIDE/plugins/com.st.stm32cube.ide.mcu.externaltools.gnu-tools-for-stm32.13.3.rel1.win32_1.0.0.202411081344/tools/bin/../lib/gcc/arm-none-eabi/13.3.1/../../../../arm-none-eabi/lib/thumb/v7e-m+fp/hard\libc_nano.a(libc_a-strcmp.o)
                0x080001d0                strcmp
 .text          0x080001e4       0x10 C:/ST/STM32CubeIDE_1.19.0/STM32CubeIDE/plugins/com.st.stm32cube.ide.mcu.externaltools.gnu-tools-for-stm32.13.3.rel1.win32_1.0.0.202411081344/tools/bin/../lib/gcc/arm-none-eabi/13.3.1/../../../../arm-none-eabi/lib/thumb/v7e-m+fp/hard\libc_nano.a(libc_a-strlen.o)
                0x080001e4                strlen
 *fill*         0x080001f4        0xc 
 .text          0x08000200       0xa0 C:/ST/STM32CubeIDE_1.19.0/STM32CubeIDE/plugins/com.st.stm32cube.ide.mcu.externaltools.gnu-tools-for-stm32.13.3.rel1.win32_1.0.0.202411081344/tools/bin/../lib/gcc/arm-none-eabi/13.3.1/../../../../arm-none-eabi/lib/thumb/v7e-m+fp/hard\libc_nano.a(libc_a-memchr.o)
                0x08000200                memchr
 .text          0x080002a0      0x378 C:/ST/STM32CubeIDE_1.19.0/STM32CubeIDE/plugins/com.st.stm32cube.ide.mcu.externaltools.gnu-tools-for-stm32.13.3.rel1.win32_1.0.0.202411081344/tools/bin/../lib/gcc/arm-none-eabi/13.3.1/thumb/v7e-m+fp/hard\libgcc.a(_arm_addsubdf3.o)
                0x080002a0                __aeabi_drsub
                0x080002a8                __aeabi_dsub
                0x080002a8                __subdf3
                0x080002ac                __aeabi_dadd
                0x080002ac                __adddf3
                0x08000524                __floatunsidf
                0x08000524                __aeabi_ui2d
                0x08000544                __floatsidf
                0x08000544                __aeabi_i2d
                0x08000568                __aeabi_f2d
                0x08000568                __extendsfdf2
                0x080005ac                __floatundidf
                0x080005ac                __aeabi_ul2d
                0x080005bc                __floatdidf
                0x080005bc                __aeabi_l2d
 .text          0x08000618       0x30 C:/ST/STM32CubeIDE_1.19.0/STM32CubeIDE/plugins/com.st.stm32cube.ide.mcu.externaltools.gnu-tools-for-stm32.13.3.rel1.win32_1.0.0.202411081344/tools/bin/../lib/gcc/arm-none-eabi/13.3.1/thumb/v7e-m+fp/hard\libgcc.a(_aeabi_uldivmod.o)
                0x08000618                __aeabi_uldivmod
 .text          0x08000648      0x2f8 C:/ST/STM32CubeIDE_1.19.0/STM32CubeIDE/plugins/com.st.stm32cube.ide.mcu.externaltools.gnu-tools-for-stm32.13.3.rel1.win32_1.0.0.202411081344/tools/bin/../lib/gcc/arm-none-eabi/13.3.1/thumb/v7e-m+fp/hard\libgcc.a(_udivmoddi4.o)
                0x08000648                __udivmoddi4
 .text          0x08000940        0x4 C:/ST/STM32CubeIDE_1.19.0/STM32CubeIDE/plugins/com.st.stm32cube.ide.mcu.externaltools.gnu-tools-for-stm32.13.3.rel1.win32_1.0.0.202411081344/tools/bin/../lib/gcc/arm-none-eabi/13.3.1/thumb/v7e-m+fp/hard\libgcc.a(_dvmd_tls.o)
                0x08000940                __aeabi_idiv0
                0x08000940                __aeabi_ldiv0
 *(.text*)
 .text.jsmn_alloc_token
                0x08000944       0x60 ./Core/Src/jsmn.o
 .text.jsmn_fill_token
                0x080009a4       0x34 ./Core/Src/jsmn.o
 .text.jsmn_parse_primitive
                0x080009d8      0x118 ./Core/Src/jsmn.o
 .text.jsmn_parse_string
                0x08000af0      0x1d0 ./Core/Src/jsmn.o
 .text.jsmn_init
                0x08000cc0       0x28 ./Core/Src/jsmn.o
                0x08000cc0                jsmn_init
 .text.jsmn_parse
                0x08000ce8      0x36c ./Core/Src/jsmn.o
                0x08000ce8                jsmn_parse
 .text.jsoneq   0x08001054       0x5e ./Core/Src/jsmn.o
                0x08001054                jsoneq
 .text.json_parse_uint64
                0x080010b2      0x126 ./Core/Src/jsmn.o
                0x080010b2                json_parse_uint64
 .text.json_parse_string
                0x080011d8       0x80 ./Core/Src/jsmn.o
                0x080011d8                json_parse_string
 .text.json_cmd_from_str
                0x08001258       0xf8 ./Core/Src/json_cmd.o
                0x08001258                json_cmd_from_str
 .text.json_err_to_code
                0x08001350       0x80 ./Core/Src/json_cmd.o
                0x08001350                json_err_to_code
 .text.state_to_str
                0x080013d0      0x2c0 ./Core/Src/json_cmd.o
                0x080013d0                state_to_str
 .text.main     0x08001690      0x154 ./Core/Src/main.o
                0x08001690                main
 .text.SystemClock_Config
                0x080017e4       0xac ./Core/Src/main.o
                0x080017e4                SystemClock_Config
 .text.MX_I2C3_Init
                0x08001890       0x80 ./Core/Src/main.o
 .text.MX_TIM6_Init
                0x08001910       0x6c ./Core/Src/main.o
 .text.MX_USART2_UART_Init
                0x0800197c       0x60 ./Core/Src/main.o
 .text.MX_USART3_UART_Init
                0x080019dc       0x60 ./Core/Src/main.o
 .text.MX_DMA_Init
                0x08001a3c       0x3c ./Core/Src/main.o
 .text.MX_GPIO_Init
                0x08001a78      0x1e8 ./Core/Src/main.o
 .text.HAL_TIM_PeriodElapsedCallback
                0x08001c60      0x164 ./Core/Src/main.o
                0x08001c60                HAL_TIM_PeriodElapsedCallback
 .text.HAL_UARTEx_RxEventCallback
                0x08001dc4       0x3c ./Core/Src/main.o
                0x08001dc4                HAL_UARTEx_RxEventCallback
 .text.json_err_handle
                0x08001e00       0x54 ./Core/Src/main.o
                0x08001e00                json_err_handle
 .text.StartRS485CmdTask
                0x08001e54      0x4ac ./Core/Src/main.o
                0x08001e54                StartRS485CmdTask
 .text.StartUpdate_input
                0x08002300        0xc ./Core/Src/main.o
                0x08002300                StartUpdate_input
 .text.Error_Handler
                0x0800230c        0xc ./Core/Src/main.o
                0x0800230c                Error_Handler
 .text.max3485_init
                0x08002318       0x38 ./Core/Src/max3485.o
                0x08002318                max3485_init
 .text.max3485_transmit
                0x08002350       0x46 ./Core/Src/max3485.o
                0x08002350                max3485_transmit
 *fill*         0x08002396        0x2 
 .text.monitors_set_json
                0x08002398       0x20 ./Core/Src/monitors_config.o
                0x08002398                monitors_set_json
 .text.find_seq_number
                0x080023b8       0x80 ./Core/Src/monitors_config.o
 .text.monitor_type_to_str
                0x08002438       0x5c ./Core/Src/monitors_config.o
 .text.relay_name_to_button
                0x08002494      0x254 ./Core/Src/monitors_config.o
 .text.find_relay_monitor_by_id
                0x080026e8       0x88 ./Core/Src/monitors_config.o
 .text.resolve_relay_button
                0x08002770       0x6a ./Core/Src/monitors_config.o
 *fill*         0x080027da        0x2 
 .text.get_latest_event
                0x080027dc      0x104 ./Core/Src/monitors_config.o
 .text.build_events_json
                0x080028e0      0x254 ./Core/Src/monitors_config.o
 .text.handle_monitors_config
                0x08002b34      0x774 ./Core/Src/monitors_config.o
                0x08002b34                handle_monitors_config
 .text.handle_ping
                0x080032a8      0x290 ./Core/Src/monitors_config.o
                0x080032a8                handle_ping
 .text.state_to_code
                0x08003538       0x18 ./Core/Src/monitors_config.o
 .text.get_confidence
                0x08003550       0x48 ./Core/Src/monitors_config.o
 .text.handle_read_pattern
                0x08003598      0x500 ./Core/Src/monitors_config.o
                0x08003598                handle_read_pattern
 .text.handle_read_snapshot
                0x08003a98      0x250 ./Core/Src/monitors_config.o
                0x08003a98                handle_read_snapshot
 .text.handle_relay_set
                0x08003ce8      0x2ac ./Core/Src/monitors_config.o
                0x08003ce8                handle_relay_set
 .text.handle_relay_pulse
                0x08003f94      0x2a8 ./Core/Src/monitors_config.o
                0x08003f94                handle_relay_pulse
 .text.handle_relay_pulse_seq
                0x0800423c      0x5c8 ./Core/Src/monitors_config.o
                0x0800423c                handle_relay_pulse_seq
 .text.handle_reset
                0x08004804      0x194 ./Core/Src/monitors_config.o
                0x08004804                handle_reset
 .text.handle_poll
                0x08004998       0xb4 ./Core/Src/monitors_config.o
                0x08004998                handle_poll
 .text.press_button
                0x08004a4c       0x54 ./Core/Src/output.o
                0x08004a4c                press_button
 .text.release_button
                0x08004aa0       0x54 ./Core/Src/output.o
                0x08004aa0                release_button
 .text.delay_us
                0x08004af4       0x7c ./Core/Src/pcf8575.o
 .text.pcf8575_i2c_start
                0x08004b70       0x50 ./Core/Src/pcf8575.o
                0x08004b70                pcf8575_i2c_start
 .text.pcf8575_i2c_stop
                0x08004bc0       0x58 ./Core/Src/pcf8575.o
                0x08004bc0                pcf8575_i2c_stop
 .text.pcf8575_i2c_wait_ack
                0x08004c18       0x74 ./Core/Src/pcf8575.o
                0x08004c18                pcf8575_i2c_wait_ack
 .text.pcf8575_write_pin
                0x08004c8c      0x108 ./Core/Src/pcf8575.o
                0x08004c8c                pcf8575_write_pin
 .text.pcf8575_reset_state
                0x08004d94       0x60 ./Core/Src/pcf8575.o
                0x08004d94                pcf8575_reset_state
 .text.HAL_MspInit
                0x08004df4       0x60 ./Core/Src/stm32l4xx_hal_msp.o
                0x08004df4                HAL_MspInit
 .text.HAL_I2C_MspInit
                0x08004e54       0xb4 ./Core/Src/stm32l4xx_hal_msp.o
                0x08004e54                HAL_I2C_MspInit
 .text.HAL_TIM_Base_MspInit
                0x08004f08       0x4c ./Core/Src/stm32l4xx_hal_msp.o
                0x08004f08                HAL_TIM_Base_MspInit
 .text.HAL_UART_MspInit
                0x08004f54      0x1b0 ./Core/Src/stm32l4xx_hal_msp.o
                0x08004f54                HAL_UART_MspInit
 .text.NMI_Handler
                0x08005104        0x8 ./Core/Src/stm32l4xx_it.o
                0x08005104                NMI_Handler
 .text.HardFault_Handler
                0x0800510c        0x8 ./Core/Src/stm32l4xx_it.o
                0x0800510c                HardFault_Handler
 .text.MemManage_Handler
                0x08005114        0x8 ./Core/Src/stm32l4xx_it.o
                0x08005114                MemManage_Handler
 .text.BusFault_Handler
                0x0800511c        0x8 ./Core/Src/stm32l4xx_it.o
                0x0800511c                BusFault_Handler
 .text.UsageFault_Handler
                0x08005124        0x8 ./Core/Src/stm32l4xx_it.o
                0x08005124                UsageFault_Handler
 .text.DebugMon_Handler
                0x0800512c        0xe ./Core/Src/stm32l4xx_it.o
                0x0800512c                DebugMon_Handler
 *fill*         0x0800513a        0x2 
 .text.SysTick_Handler
                0x0800513c       0x2c ./Core/Src/stm32l4xx_it.o
                0x0800513c                SysTick_Handler
 .text.PVD_PVM_IRQHandler
                0x08005168        0xc ./Core/Src/stm32l4xx_it.o
                0x08005168                PVD_PVM_IRQHandler
 .text.DMA1_Channel3_IRQHandler
                0x08005174       0x14 ./Core/Src/stm32l4xx_it.o
                0x08005174                DMA1_Channel3_IRQHandler
 .text.USART2_IRQHandler
                0x08005188       0x14 ./Core/Src/stm32l4xx_it.o
                0x08005188                USART2_IRQHandler
 .text.USART3_IRQHandler
                0x0800519c       0x14 ./Core/Src/stm32l4xx_it.o
                0x0800519c                USART3_IRQHandler
 .text.TIM6_DAC_IRQHandler
                0x080051b0       0x14 ./Core/Src/stm32l4xx_it.o
                0x080051b0                TIM6_DAC_IRQHandler
 .text._sbrk    0x080051c4       0x6c ./Core/Src/sysmem.o
                0x080051c4                _sbrk
 .text.SystemInit
                0x08005230       0x24 ./Core/Src/system_stm32l4xx.o
                0x08005230                SystemInit
 .text.Reset_Handler
                0x08005254       0x50 ./Core/Startup/startup_stm32l431rctx.o
                0x08005254                Reset_Handler
 .text.Default_Handler
                0x080052a4        0x2 ./Core/Startup/startup_stm32l431rctx.o
                0x080052a4                RTC_Alarm_IRQHandler
                0x080052a4                EXTI2_IRQHandler
                0x080052a4                TIM1_CC_IRQHandler
                0x080052a4                TSC_IRQHandler
                0x080052a4                TAMP_STAMP_IRQHandler
                0x080052a4                EXTI3_IRQHandler
                0x080052a4                LPTIM2_IRQHandler
                0x080052a4                I2C3_ER_IRQHandler
                0x080052a4                EXTI0_IRQHandler
                0x080052a4                I2C2_EV_IRQHandler
                0x080052a4                CAN1_RX0_IRQHandler
                0x080052a4                FPU_IRQHandler
                0x080052a4                TIM1_UP_TIM16_IRQHandler
                0x080052a4                SPI1_IRQHandler
                0x080052a4                DMA2_Channel2_IRQHandler
                0x080052a4                DMA1_Channel4_IRQHandler
                0x080052a4                ADC1_IRQHandler
                0x080052a4                DMA1_Channel7_IRQHandler
                0x080052a4                CAN1_RX1_IRQHandler
                0x080052a4                DMA2_Channel1_IRQHandler
                0x080052a4                QUADSPI_IRQHandler
                0x080052a4                I2C1_EV_IRQHandler
                0x080052a4                DMA1_Channel6_IRQHandler
                0x080052a4                DMA2_Channel4_IRQHandler
                0x080052a4                RCC_IRQHandler
                0x080052a4                TIM1_TRG_COM_IRQHandler
                0x080052a4                DMA1_Channel1_IRQHandler
                0x080052a4                Default_Handler
                0x080052a4                DMA2_Channel7_IRQHandler
                0x080052a4                EXTI15_10_IRQHandler
                0x080052a4                TIM7_IRQHandler
                0x080052a4                SDMMC1_IRQHandler
                0x080052a4                I2C3_EV_IRQHandler
                0x080052a4                EXTI9_5_IRQHandler
                0x080052a4                RTC_WKUP_IRQHandler
                0x080052a4                SPI2_IRQHandler
                0x080052a4                CAN1_TX_IRQHandler
                0x080052a4                DMA2_Channel5_IRQHandler
                0x080052a4                CRS_IRQHandler
                0x080052a4                DMA1_Channel5_IRQHandler
                0x080052a4                EXTI4_IRQHandler
                0x080052a4                RNG_IRQHandler
                0x080052a4                COMP_IRQHandler
                0x080052a4                WWDG_IRQHandler
                0x080052a4                LPUART1_IRQHandler
                0x080052a4                DMA2_Channel6_IRQHandler
                0x080052a4                TIM2_IRQHandler
                0x080052a4                EXTI1_IRQHandler
                0x080052a4                I2C2_ER_IRQHandler
                0x080052a4                DMA1_Channel2_IRQHandler
                0x080052a4                CAN1_SCE_IRQHandler
                0x080052a4                FLASH_IRQHandler
                0x080052a4                USART1_IRQHandler
                0x080052a4                SPI3_IRQHandler
                0x080052a4                I2C1_ER_IRQHandler
                0x080052a4                SWPMI1_IRQHandler
                0x080052a4                LPTIM1_IRQHandler
                0x080052a4                SAI1_IRQHandler
                0x080052a4                DMA2_Channel3_IRQHandler
                0x080052a4                TIM1_BRK_TIM15_IRQHandler
 .text.HAL_Init
                0x080052a6       0x30 ./Drivers/STM32L4xx_HAL_Driver/Src/stm32l4xx_hal.o
                0x080052a6                HAL_Init
 *fill*         0x080052d6        0x2 
 .text.HAL_InitTick
                0x080052d8       0x78 ./Drivers/STM32L4xx_HAL_Driver/Src/stm32l4xx_hal.o
                0x080052d8                HAL_InitTick
 .text.HAL_IncTick
                0x08005350       0x28 ./Drivers/STM32L4xx_HAL_Driver/Src/stm32l4xx_hal.o
                0x08005350                HAL_IncTick
 .text.HAL_GetTick
                0x08005378       0x18 ./Drivers/STM32L4xx_HAL_Driver/Src/stm32l4xx_hal.o
                0x08005378                HAL_GetTick
 .text.__NVIC_SetPriorityGrouping
                0x08005390       0x48 ./Drivers/STM32L4xx_HAL_Driver/Src/stm32l4xx_hal_cortex.o
 .text.__NVIC_GetPriorityGrouping
                0x080053d8       0x1c ./Drivers/STM32L4xx_HAL_Driver/Src/stm32l4xx_hal_cortex.o
 .text.__NVIC_EnableIRQ
                0x080053f4       0x3c ./Drivers/STM32L4xx_HAL_Driver/Src/stm32l4xx_hal_cortex.o
 .text.__NVIC_SetPriority
                0x08005430       0x54 ./Drivers/STM32L4xx_HAL_Driver/Src/stm32l4xx_hal_cortex.o
 .text.NVIC_EncodePriority
                0x08005484       0x66 ./Drivers/STM32L4xx_HAL_Driver/Src/stm32l4xx_hal_cortex.o
 *fill*         0x080054ea        0x2 
 .text.SysTick_Config
                0x080054ec       0x44 ./Drivers/STM32L4xx_HAL_Driver/Src/stm32l4xx_hal_cortex.o
 .text.HAL_NVIC_SetPriorityGrouping
                0x08005530       0x16 ./Drivers/STM32L4xx_HAL_Driver/Src/stm32l4xx_hal_cortex.o
                0x08005530                HAL_NVIC_SetPriorityGrouping
 .text.HAL_NVIC_SetPriority
                0x08005546       0x38 ./Drivers/STM32L4xx_HAL_Driver/Src/stm32l4xx_hal_cortex.o
                0x08005546                HAL_NVIC_SetPriority
 .text.HAL_NVIC_EnableIRQ
                0x0800557e       0x1c ./Drivers/STM32L4xx_HAL_Driver/Src/stm32l4xx_hal_cortex.o
                0x0800557e                HAL_NVIC_EnableIRQ
 .text.HAL_SYSTICK_Config
                0x0800559a       0x18 ./Drivers/STM32L4xx_HAL_Driver/Src/stm32l4xx_hal_cortex.o
                0x0800559a                HAL_SYSTICK_Config
 *fill*         0x080055b2        0x2 
 .text.HAL_DMA_Init
                0x080055b4      0x170 ./Drivers/STM32L4xx_HAL_Driver/Src/stm32l4xx_hal_dma.o
                0x080055b4                HAL_DMA_Init
 .text.HAL_DMA_Start_IT
                0x08005724       0xc6 ./Drivers/STM32L4xx_HAL_Driver/Src/stm32l4xx_hal_dma.o
                0x08005724                HAL_DMA_Start_IT
 .text.HAL_DMA_Abort
                0x080057ea       0x82 ./Drivers/STM32L4xx_HAL_Driver/Src/stm32l4xx_hal_dma.o
                0x080057ea                HAL_DMA_Abort
 .text.HAL_DMA_Abort_IT
                0x0800586c       0x82 ./Drivers/STM32L4xx_HAL_Driver/Src/stm32l4xx_hal_dma.o
                0x0800586c                HAL_DMA_Abort_IT
 *fill*         0x080058ee        0x2 
 .text.HAL_DMA_IRQHandler
                0x080058f0      0x18c ./Drivers/STM32L4xx_HAL_Driver/Src/stm32l4xx_hal_dma.o
                0x080058f0                HAL_DMA_IRQHandler
 .text.HAL_DMA_GetError
                0x08005a7c       0x18 ./Drivers/STM32L4xx_HAL_Driver/Src/stm32l4xx_hal_dma.o
                0x08005a7c                HAL_DMA_GetError
 .text.DMA_SetConfig
                0x08005a94       0x60 ./Drivers/STM32L4xx_HAL_Driver/Src/stm32l4xx_hal_dma.o
 .text.HAL_GPIO_Init
                0x08005af4      0x2f4 ./Drivers/STM32L4xx_HAL_Driver/Src/stm32l4xx_hal_gpio.o
                0x08005af4                HAL_GPIO_Init
 .text.HAL_GPIO_WritePin
                0x08005de8       0x30 ./Drivers/STM32L4xx_HAL_Driver/Src/stm32l4xx_hal_gpio.o
                0x08005de8                HAL_GPIO_WritePin
 .text.HAL_I2C_Init
                0x08005e18      0x136 ./Drivers/STM32L4xx_HAL_Driver/Src/stm32l4xx_hal_i2c.o
                0x08005e18                HAL_I2C_Init
 *fill*         0x08005f4e        0x2 
 .text.HAL_I2C_Master_Transmit
                0x08005f50      0x230 ./Drivers/STM32L4xx_HAL_Driver/Src/stm32l4xx_hal_i2c.o
                0x08005f50                HAL_I2C_Master_Transmit
 .text.I2C_Flush_TXDR
                0x08006180       0x48 ./Drivers/STM32L4xx_HAL_Driver/Src/stm32l4xx_hal_i2c.o
 .text.I2C_WaitOnFlagUntilTimeout
                0x080061c8       0xb2 ./Drivers/STM32L4xx_HAL_Driver/Src/stm32l4xx_hal_i2c.o
 .text.I2C_WaitOnTXISFlagUntilTimeout
                0x0800627a       0x8e ./Drivers/STM32L4xx_HAL_Driver/Src/stm32l4xx_hal_i2c.o
 .text.I2C_WaitOnSTOPFlagUntilTimeout
                0x08006308       0x86 ./Drivers/STM32L4xx_HAL_Driver/Src/stm32l4xx_hal_i2c.o
 *fill*         0x0800638e        0x2 
 .text.I2C_IsErrorOccurred
                0x08006390      0x1c0 ./Drivers/STM32L4xx_HAL_Driver/Src/stm32l4xx_hal_i2c.o
 .text.I2C_TransferConfig
                0x08006550       0x64 ./Drivers/STM32L4xx_HAL_Driver/Src/stm32l4xx_hal_i2c.o
 .text.HAL_I2CEx_ConfigAnalogFilter
                0x080065b4       0x96 ./Drivers/STM32L4xx_HAL_Driver/Src/stm32l4xx_hal_i2c_ex.o
                0x080065b4                HAL_I2CEx_ConfigAnalogFilter
 .text.HAL_I2CEx_ConfigDigitalFilter
                0x0800664a       0x98 ./Drivers/STM32L4xx_HAL_Driver/Src/stm32l4xx_hal_i2c_ex.o
                0x0800664a                HAL_I2CEx_ConfigDigitalFilter
 *fill*         0x080066e2        0x2 
 .text.HAL_PWR_EnableBkUpAccess
                0x080066e4       0x20 ./Drivers/STM32L4xx_HAL_Driver/Src/stm32l4xx_hal_pwr.o
                0x080066e4                HAL_PWR_EnableBkUpAccess
 .text.HAL_PWR_PVDCallback
                0x08006704        0xe ./Drivers/STM32L4xx_HAL_Driver/Src/stm32l4xx_hal_pwr.o
                0x08006704                HAL_PWR_PVDCallback
 *fill*         0x08006712        0x2 
 .text.HAL_PWREx_GetVoltageRange
                0x08006714       0x1c ./Drivers/STM32L4xx_HAL_Driver/Src/stm32l4xx_hal_pwr_ex.o
                0x08006714                HAL_PWREx_GetVoltageRange
 .text.HAL_PWREx_ControlVoltageScaling
                0x08006730       0xac ./Drivers/STM32L4xx_HAL_Driver/Src/stm32l4xx_hal_pwr_ex.o
                0x08006730                HAL_PWREx_ControlVoltageScaling
 .text.HAL_PWREx_PVD_PVM_IRQHandler
                0x080067dc       0x50 ./Drivers/STM32L4xx_HAL_Driver/Src/stm32l4xx_hal_pwr_ex.o
                0x080067dc                HAL_PWREx_PVD_PVM_IRQHandler
 .text.HAL_PWREx_PVM3Callback
                0x0800682c        0xe ./Drivers/STM32L4xx_HAL_Driver/Src/stm32l4xx_hal_pwr_ex.o
                0x0800682c                HAL_PWREx_PVM3Callback
 .text.HAL_PWREx_PVM4Callback
                0x0800683a        0xe ./Drivers/STM32L4xx_HAL_Driver/Src/stm32l4xx_hal_pwr_ex.o
                0x0800683a                HAL_PWREx_PVM4Callback
 .text.HAL_RCC_OscConfig
                0x08006848      0x828 ./Drivers/STM32L4xx_HAL_Driver/Src/stm32l4xx_hal_rcc.o
                0x08006848                HAL_RCC_OscConfig
 .text.HAL_RCC_ClockConfig
                0x08007070      0x200 ./Drivers/STM32L4xx_HAL_Driver/Src/stm32l4xx_hal_rcc.o
                0x08007070                HAL_RCC_ClockConfig
 .text.HAL_RCC_GetSysClockFreq
                0x08007270      0x118 ./Drivers/STM32L4xx_HAL_Driver/Src/stm32l4xx_hal_rcc.o
                0x08007270                HAL_RCC_GetSysClockFreq
 .text.HAL_RCC_GetHCLKFreq
                0x08007388       0x18 ./Drivers/STM32L4xx_HAL_Driver/Src/stm32l4xx_hal_rcc.o
                0x08007388                HAL_RCC_GetHCLKFreq
 .text.HAL_RCC_GetPCLK1Freq
                0x080073a0       0x2c ./Drivers/STM32L4xx_HAL_Driver/Src/stm32l4xx_hal_rcc.o
                0x080073a0                HAL_RCC_GetPCLK1Freq
 .text.HAL_RCC_GetPCLK2Freq
                0x080073cc       0x2c ./Drivers/STM32L4xx_HAL_Driver/Src/stm32l4xx_hal_rcc.o
                0x080073cc                HAL_RCC_GetPCLK2Freq
 .text.RCC_SetFlashLatencyFromMSIRange
                0x080073f8       0xc0 ./Drivers/STM32L4xx_HAL_Driver/Src/stm32l4xx_hal_rcc.o
 .text.HAL_RCCEx_PeriphCLKConfig
                0x080074b8      0x430 ./Drivers/STM32L4xx_HAL_Driver/Src/stm32l4xx_hal_rcc_ex.o
                0x080074b8                HAL_RCCEx_PeriphCLKConfig
 .text.HAL_RCCEx_EnableMSIPLLMode
                0x080078e8       0x20 ./Drivers/STM32L4xx_HAL_Driver/Src/stm32l4xx_hal_rcc_ex.o
                0x080078e8                HAL_RCCEx_EnableMSIPLLMode
 .text.RCCEx_PLLSAI1_Config
                0x08007908      0x1e4 ./Drivers/STM32L4xx_HAL_Driver/Src/stm32l4xx_hal_rcc_ex.o
 .text.HAL_TIM_Base_Init
                0x08007aec       0xae ./Drivers/STM32L4xx_HAL_Driver/Src/stm32l4xx_hal_tim.o
                0x08007aec                HAL_TIM_Base_Init
 *fill*         0x08007b9a        0x2 
 .text.HAL_TIM_Base_Start_IT
                0x08007b9c       0xa8 ./Drivers/STM32L4xx_HAL_Driver/Src/stm32l4xx_hal_tim.o
                0x08007b9c                HAL_TIM_Base_Start_IT
 .text.HAL_TIM_IRQHandler
                0x08007c44      0x20e ./Drivers/STM32L4xx_HAL_Driver/Src/stm32l4xx_hal_tim.o
                0x08007c44                HAL_TIM_IRQHandler
 .text.HAL_TIM_OC_DelayElapsedCallback
                0x08007e52       0x14 ./Drivers/STM32L4xx_HAL_Driver/Src/stm32l4xx_hal_tim.o
                0x08007e52                HAL_TIM_OC_DelayElapsedCallback
 .text.HAL_TIM_IC_CaptureCallback
                0x08007e66       0x14 ./Drivers/STM32L4xx_HAL_Driver/Src/stm32l4xx_hal_tim.o
                0x08007e66                HAL_TIM_IC_CaptureCallback
 .text.HAL_TIM_PWM_PulseFinishedCallback
                0x08007e7a       0x14 ./Drivers/STM32L4xx_HAL_Driver/Src/stm32l4xx_hal_tim.o
                0x08007e7a                HAL_TIM_PWM_PulseFinishedCallback
 .text.HAL_TIM_TriggerCallback
                0x08007e8e       0x14 ./Drivers/STM32L4xx_HAL_Driver/Src/stm32l4xx_hal_tim.o
                0x08007e8e                HAL_TIM_TriggerCallback
 *fill*         0x08007ea2        0x2 
 .text.TIM_Base_SetConfig
                0x08007ea4       0xd4 ./Drivers/STM32L4xx_HAL_Driver/Src/stm32l4xx_hal_tim.o
                0x08007ea4                TIM_Base_SetConfig
 .text.HAL_TIMEx_MasterConfigSynchronization
                0x08007f78       0xcc ./Drivers/STM32L4xx_HAL_Driver/Src/stm32l4xx_hal_tim_ex.o
                0x08007f78                HAL_TIMEx_MasterConfigSynchronization
 .text.HAL_TIMEx_CommutCallback
                0x08008044       0x14 ./Drivers/STM32L4xx_HAL_Driver/Src/stm32l4xx_hal_tim_ex.o
                0x08008044                HAL_TIMEx_CommutCallback
 .text.HAL_TIMEx_BreakCallback
                0x08008058       0x14 ./Drivers/STM32L4xx_HAL_Driver/Src/stm32l4xx_hal_tim_ex.o
                0x08008058                HAL_TIMEx_BreakCallback
 .text.HAL_TIMEx_Break2Callback
                0x0800806c       0x14 ./Drivers/STM32L4xx_HAL_Driver/Src/stm32l4xx_hal_tim_ex.o
                0x0800806c                HAL_TIMEx_Break2Callback
 .text.HAL_UART_Init
                0x08008080       0x9c ./Drivers/STM32L4xx_HAL_Driver/Src/stm32l4xx_hal_uart.o
                0x08008080                HAL_UART_Init
 .text.HAL_UART_Transmit
                0x0800811c      0x126 ./Drivers/STM32L4xx_HAL_Driver/Src/stm32l4xx_hal_uart.o
                0x0800811c                HAL_UART_Transmit
 .text.HAL_UART_DMAStop
                0x08008242      0x124 ./Drivers/STM32L4xx_HAL_Driver/Src/stm32l4xx_hal_uart.o
                0x08008242                HAL_UART_DMAStop
 *fill*         0x08008366        0x2 
 .text.HAL_UART_IRQHandler
                0x08008368      0x60c ./Drivers/STM32L4xx_HAL_Driver/Src/stm32l4xx_hal_uart.o
                0x08008368                HAL_UART_IRQHandler
 .text.HAL_UART_TxCpltCallback
                0x08008974       0x14 ./Drivers/STM32L4xx_HAL_Driver/Src/stm32l4xx_hal_uart.o
                0x08008974                HAL_UART_TxCpltCallback
 .text.HAL_UART_RxCpltCallback
                0x08008988       0x14 ./Drivers/STM32L4xx_HAL_Driver/Src/stm32l4xx_hal_uart.o
                0x08008988                HAL_UART_RxCpltCallback
 .text.HAL_UART_RxHalfCpltCallback
                0x0800899c       0x14 ./Drivers/STM32L4xx_HAL_Driver/Src/stm32l4xx_hal_uart.o
                0x0800899c                HAL_UART_RxHalfCpltCallback
 .text.HAL_UART_ErrorCallback
                0x080089b0       0x14 ./Drivers/STM32L4xx_HAL_Driver/Src/stm32l4xx_hal_uart.o
                0x080089b0                HAL_UART_ErrorCallback
 .text.UART_SetConfig
                0x080089c4      0x4b4 ./Drivers/STM32L4xx_HAL_Driver/Src/stm32l4xx_hal_uart.o
                0x080089c4                UART_SetConfig
 .text.UART_AdvFeatureConfig
                0x08008e78      0x144 ./Drivers/STM32L4xx_HAL_Driver/Src/stm32l4xx_hal_uart.o
                0x08008e78                UART_AdvFeatureConfig
 .text.UART_CheckIdleState
                0x08008fbc      0x150 ./Drivers/STM32L4xx_HAL_Driver/Src/stm32l4xx_hal_uart.o
                0x08008fbc                UART_CheckIdleState
 .text.UART_WaitOnFlagUntilTimeout
                0x0800910c       0xda ./Drivers/STM32L4xx_HAL_Driver/Src/stm32l4xx_hal_uart.o
                0x0800910c                UART_WaitOnFlagUntilTimeout
 *fill*         0x080091e6        0x2 
 .text.UART_Start_Receive_DMA
                0x080091e8      0x140 ./Drivers/STM32L4xx_HAL_Driver/Src/stm32l4xx_hal_uart.o
                0x080091e8                UART_Start_Receive_DMA
 .text.UART_EndTxTransfer
                0x08009328       0x4c ./Drivers/STM32L4xx_HAL_Driver/Src/stm32l4xx_hal_uart.o
 .text.UART_EndRxTransfer
                0x08009374       0xc8 ./Drivers/STM32L4xx_HAL_Driver/Src/stm32l4xx_hal_uart.o
 .text.UART_DMAReceiveCplt
                0x0800943c      0x152 ./Drivers/STM32L4xx_HAL_Driver/Src/stm32l4xx_hal_uart.o
 .text.UART_DMARxHalfCplt
                0x0800958e       0x72 ./Drivers/STM32L4xx_HAL_Driver/Src/stm32l4xx_hal_uart.o
 .text.UART_DMAError
                0x08009600       0x6e ./Drivers/STM32L4xx_HAL_Driver/Src/stm32l4xx_hal_uart.o
 .text.UART_DMAAbortOnError
                0x0800966e       0x1c ./Drivers/STM32L4xx_HAL_Driver/Src/stm32l4xx_hal_uart.o
 .text.UART_EndTransmit_IT
                0x0800968a       0x54 ./Drivers/STM32L4xx_HAL_Driver/Src/stm32l4xx_hal_uart.o
 .text.HAL_UARTEx_WakeupCallback
                0x080096de       0x14 ./Drivers/STM32L4xx_HAL_Driver/Src/stm32l4xx_hal_uart_ex.o
                0x080096de                HAL_UARTEx_WakeupCallback
 .text.HAL_UARTEx_ReceiveToIdle_DMA
                0x080096f2       0xa8 ./Drivers/STM32L4xx_HAL_Driver/Src/stm32l4xx_hal_uart_ex.o
                0x080096f2                HAL_UARTEx_ReceiveToIdle_DMA
 *fill*         0x0800979a        0x2 
 .text.__NVIC_SetPriority
                0x0800979c       0x54 ./Middlewares/Third_Party/FreeRTOS/Source/CMSIS_RTOS_V2/cmsis_os2.o
 .text.SVC_Setup
                0x080097f0       0x12 ./Middlewares/Third_Party/FreeRTOS/Source/CMSIS_RTOS_V2/cmsis_os2.o
 *fill*         0x08009802        0x2 
 .text.osKernelInitialize
                0x08009804       0x48 ./Middlewares/Third_Party/FreeRTOS/Source/CMSIS_RTOS_V2/cmsis_os2.o
                0x08009804                osKernelInitialize
 .text.osKernelStart
                0x0800984c       0x4c ./Middlewares/Third_Party/FreeRTOS/Source/CMSIS_RTOS_V2/cmsis_os2.o
                0x0800984c                osKernelStart
 .text.osThreadNew
                0x08009898      0x124 ./Middlewares/Third_Party/FreeRTOS/Source/CMSIS_RTOS_V2/cmsis_os2.o
                0x08009898                osThreadNew
 .text.osDelay  0x080099bc       0x36 ./Middlewares/Third_Party/FreeRTOS/Source/CMSIS_RTOS_V2/cmsis_os2.o
                0x080099bc                osDelay
 .text.osSemaphoreNew
                0x080099f2      0x112 ./Middlewares/Third_Party/FreeRTOS/Source/CMSIS_RTOS_V2/cmsis_os2.o
                0x080099f2                osSemaphoreNew
 .text.vApplicationGetIdleTaskMemory
                0x08009b04       0x34 ./Middlewares/Third_Party/FreeRTOS/Source/CMSIS_RTOS_V2/cmsis_os2.o
                0x08009b04                vApplicationGetIdleTaskMemory
 .text.vApplicationGetTimerTaskMemory
                0x08009b38       0x34 ./Middlewares/Third_Party/FreeRTOS/Source/CMSIS_RTOS_V2/cmsis_os2.o
                0x08009b38                vApplicationGetTimerTaskMemory
 .text.vListInitialise
                0x08009b6c       0x40 ./Middlewares/Third_Party/FreeRTOS/Source/list.o
                0x08009b6c                vListInitialise
 .text.vListInitialiseItem
                0x08009bac       0x1a ./Middlewares/Third_Party/FreeRTOS/Source/list.o
                0x08009bac                vListInitialiseItem
 .text.vListInsertEnd
                0x08009bc6       0x48 ./Middlewares/Third_Party/FreeRTOS/Source/list.o
                0x08009bc6                vListInsertEnd
 .text.vListInsert
                0x08009c0e       0x72 ./Middlewares/Third_Party/FreeRTOS/Source/list.o
                0x08009c0e                vListInsert
 .text.uxListRemove
                0x08009c80       0x54 ./Middlewares/Third_Party/FreeRTOS/Source/list.o
                0x08009c80                uxListRemove
 .text.xQueueGenericReset
                0x08009cd4       0xd4 ./Middlewares/Third_Party/FreeRTOS/Source/queue.o
                0x08009cd4                xQueueGenericReset
 .text.xQueueGenericCreateStatic
                0x08009da8       0xfa ./Middlewares/Third_Party/FreeRTOS/Source/queue.o
                0x08009da8                xQueueGenericCreateStatic
 .text.xQueueGenericCreate
                0x08009ea2       0x76 ./Middlewares/Third_Party/FreeRTOS/Source/queue.o
                0x08009ea2                xQueueGenericCreate
 .text.prvInitialiseNewQueue
                0x08009f18       0x46 ./Middlewares/Third_Party/FreeRTOS/Source/queue.o
 .text.xQueueCreateCountingSemaphoreStatic
                0x08009f5e       0x72 ./Middlewares/Third_Party/FreeRTOS/Source/queue.o
                0x08009f5e                xQueueCreateCountingSemaphoreStatic
 .text.xQueueCreateCountingSemaphore
                0x08009fd0       0x6a ./Middlewares/Third_Party/FreeRTOS/Source/queue.o
                0x08009fd0                xQueueCreateCountingSemaphore
 *fill*         0x0800a03a        0x2 
 .text.xQueueGenericSend
                0x0800a03c      0x204 ./Middlewares/Third_Party/FreeRTOS/Source/queue.o
                0x0800a03c                xQueueGenericSend
 .text.xQueueGenericSendFromISR
                0x0800a240      0x13c ./Middlewares/Third_Party/FreeRTOS/Source/queue.o
                0x0800a240                xQueueGenericSendFromISR
 .text.xQueueReceive
                0x0800a37c      0x1c4 ./Middlewares/Third_Party/FreeRTOS/Source/queue.o
                0x0800a37c                xQueueReceive
 .text.vQueueDelete
                0x0800a540       0x48 ./Middlewares/Third_Party/FreeRTOS/Source/queue.o
                0x0800a540                vQueueDelete
 .text.prvCopyDataToQueue
                0x0800a588       0xd4 ./Middlewares/Third_Party/FreeRTOS/Source/queue.o
 .text.prvCopyDataFromQueue
                0x0800a65c       0x4c ./Middlewares/Third_Party/FreeRTOS/Source/queue.o
 .text.prvUnlockQueue
                0x0800a6a8       0xa4 ./Middlewares/Third_Party/FreeRTOS/Source/queue.o
 .text.prvIsQueueEmpty
                0x0800a74c       0x2c ./Middlewares/Third_Party/FreeRTOS/Source/queue.o
 .text.prvIsQueueFull
                0x0800a778       0x30 ./Middlewares/Third_Party/FreeRTOS/Source/queue.o
 .text.vQueueAddToRegistry
                0x0800a7a8       0x54 ./Middlewares/Third_Party/FreeRTOS/Source/queue.o
                0x0800a7a8                vQueueAddToRegistry
 .text.vQueueUnregisterQueue
                0x0800a7fc       0x54 ./Middlewares/Third_Party/FreeRTOS/Source/queue.o
                0x0800a7fc                vQueueUnregisterQueue
 .text.vQueueWaitForMessageRestricted
                0x0800a850       0x68 ./Middlewares/Third_Party/FreeRTOS/Source/queue.o
                0x0800a850                vQueueWaitForMessageRestricted
 .text.xTaskCreateStatic
                0x0800a8b8       0xc0 ./Middlewares/Third_Party/FreeRTOS/Source/tasks.o
                0x0800a8b8                xTaskCreateStatic
 .text.xTaskCreate
                0x0800a978       0x8a ./Middlewares/Third_Party/FreeRTOS/Source/tasks.o
                0x0800a978                xTaskCreate
 .text.prvInitialiseNewTask
                0x0800aa02      0x120 ./Middlewares/Third_Party/FreeRTOS/Source/tasks.o
 *fill*         0x0800ab22        0x2 
 .text.prvAddNewTaskToReadyList
                0x0800ab24       0xe0 ./Middlewares/Third_Party/FreeRTOS/Source/tasks.o
 .text.vTaskDelay
                0x0800ac04       0x6c ./Middlewares/Third_Party/FreeRTOS/Source/tasks.o
                0x0800ac04                vTaskDelay
 .text.vTaskStartScheduler
                0x0800ac70       0xd0 ./Middlewares/Third_Party/FreeRTOS/Source/tasks.o
                0x0800ac70                vTaskStartScheduler
 .text.vTaskSuspendAll
                0x0800ad40       0x1c ./Middlewares/Third_Party/FreeRTOS/Source/tasks.o
                0x0800ad40                vTaskSuspendAll
 .text.xTaskResumeAll
                0x0800ad5c      0x13c ./Middlewares/Third_Party/FreeRTOS/Source/tasks.o
                0x0800ad5c                xTaskResumeAll
 .text.xTaskGetTickCount
                0x0800ae98       0x20 ./Middlewares/Third_Party/FreeRTOS/Source/tasks.o
                0x0800ae98                xTaskGetTickCount
 .text.xTaskIncrementTick
                0x0800aeb8      0x174 ./Middlewares/Third_Party/FreeRTOS/Source/tasks.o
                0x0800aeb8                xTaskIncrementTick
 .text.vTaskSwitchContext
                0x0800b02c       0xbc ./Middlewares/Third_Party/FreeRTOS/Source/tasks.o
                0x0800b02c                vTaskSwitchContext
 .text.vTaskPlaceOnEventList
                0x0800b0e8       0x4c ./Middlewares/Third_Party/FreeRTOS/Source/tasks.o
                0x0800b0e8                vTaskPlaceOnEventList
 .text.vTaskPlaceOnEventListRestricted
                0x0800b134       0x58 ./Middlewares/Third_Party/FreeRTOS/Source/tasks.o
                0x0800b134                vTaskPlaceOnEventListRestricted
 .text.xTaskRemoveFromEventList
                0x0800b18c       0xc8 ./Middlewares/Third_Party/FreeRTOS/Source/tasks.o
                0x0800b18c                xTaskRemoveFromEventList
 .text.vTaskInternalSetTimeOutState
                0x0800b254       0x2c ./Middlewares/Third_Party/FreeRTOS/Source/tasks.o
                0x0800b254                vTaskInternalSetTimeOutState
 .text.xTaskCheckForTimeOut
                0x0800b280       0xc8 ./Middlewares/Third_Party/FreeRTOS/Source/tasks.o
                0x0800b280                xTaskCheckForTimeOut
 .text.vTaskMissedYield
                0x0800b348       0x18 ./Middlewares/Third_Party/FreeRTOS/Source/tasks.o
                0x0800b348                vTaskMissedYield
 .text.prvIdleTask
                0x0800b360       0x30 ./Middlewares/Third_Party/FreeRTOS/Source/tasks.o
 .text.prvInitialiseTaskLists
                0x0800b390       0x80 ./Middlewares/Third_Party/FreeRTOS/Source/tasks.o
 .text.prvCheckTasksWaitingTermination
                0x0800b410       0x5c ./Middlewares/Third_Party/FreeRTOS/Source/tasks.o
 .text.prvDeleteTCB
                0x0800b46c       0x60 ./Middlewares/Third_Party/FreeRTOS/Source/tasks.o
 .text.prvResetNextTaskUnblockTime
                0x0800b4cc       0x40 ./Middlewares/Third_Party/FreeRTOS/Source/tasks.o
 .text.xTaskGetSchedulerState
                0x0800b50c       0x3c ./Middlewares/Third_Party/FreeRTOS/Source/tasks.o
                0x0800b50c                xTaskGetSchedulerState
 .text.xTaskPriorityDisinherit
                0x0800b548       0xe0 ./Middlewares/Third_Party/FreeRTOS/Source/tasks.o
                0x0800b548                xTaskPriorityDisinherit
 .text.prvAddCurrentTaskToDelayedList
                0x0800b628       0xa8 ./Middlewares/Third_Party/FreeRTOS/Source/tasks.o
 .text.xTimerCreateTimerTask
                0x0800b6d0       0x94 ./Middlewares/Third_Party/FreeRTOS/Source/timers.o
                0x0800b6d0                xTimerCreateTimerTask
 .text.xTimerGenericCommand
                0x0800b764       0x9c ./Middlewares/Third_Party/FreeRTOS/Source/timers.o
                0x0800b764                xTimerGenericCommand
 .text.prvProcessExpiredTimer
                0x0800b800       0x9c ./Middlewares/Third_Party/FreeRTOS/Source/timers.o
 .text.prvTimerTask
                0x0800b89c       0x26 ./Middlewares/Third_Party/FreeRTOS/Source/timers.o
 *fill*         0x0800b8c2        0x2 
 .text.prvProcessTimerOrBlockTask
                0x0800b8c4       0x9c ./Middlewares/Third_Party/FreeRTOS/Source/timers.o
 .text.prvGetNextExpireTime
                0x0800b960       0x48 ./Middlewares/Third_Party/FreeRTOS/Source/timers.o
 .text.prvSampleTimeNow
                0x0800b9a8       0x40 ./Middlewares/Third_Party/FreeRTOS/Source/timers.o
 .text.prvInsertTimerInActiveList
                0x0800b9e8       0x84 ./Middlewares/Third_Party/FreeRTOS/Source/timers.o
 .text.prvProcessReceivedCommands
                0x0800ba6c      0x1cc ./Middlewares/Third_Party/FreeRTOS/Source/timers.o
 .text.prvSwitchTimerLists
                0x0800bc38       0xcc ./Middlewares/Third_Party/FreeRTOS/Source/timers.o
 .text.prvCheckForValidListAndQueue
                0x0800bd04       0x80 ./Middlewares/Third_Party/FreeRTOS/Source/timers.o
 .text.pxPortInitialiseStack
                0x0800bd84       0x68 ./Middlewares/Third_Party/FreeRTOS/Source/portable/GCC/ARM_CM4F/port.o
                0x0800bd84                pxPortInitialiseStack
 .text.prvTaskExitError
                0x0800bdec       0x5c ./Middlewares/Third_Party/FreeRTOS/Source/portable/GCC/ARM_CM4F/port.o
 *fill*         0x0800be48        0x8 
 .text.SVC_Handler
                0x0800be50       0x28 ./Middlewares/Third_Party/FreeRTOS/Source/portable/GCC/ARM_CM4F/port.o
                0x0800be50                SVC_Handler
 .text.prvPortStartFirstTask
                0x0800be78       0x28 ./Middlewares/Third_Party/FreeRTOS/Source/portable/GCC/ARM_CM4F/port.o
 .text.xPortStartScheduler
                0x0800bea0      0x148 ./Middlewares/Third_Party/FreeRTOS/Source/portable/GCC/ARM_CM4F/port.o
                0x0800bea0                xPortStartScheduler
 .text.vPortEnterCritical
                0x0800bfe8       0x64 ./Middlewares/Third_Party/FreeRTOS/Source/portable/GCC/ARM_CM4F/port.o
                0x0800bfe8                vPortEnterCritical
 .text.vPortExitCritical
                0x0800c04c       0x54 ./Middlewares/Third_Party/FreeRTOS/Source/portable/GCC/ARM_CM4F/port.o
                0x0800c04c                vPortExitCritical
 .text.PendSV_Handler
                0x0800c0a0       0x68 ./Middlewares/Third_Party/FreeRTOS/Source/portable/GCC/ARM_CM4F/port.o
                0x0800c0a0                PendSV_Handler
 .text.xPortSysTickHandler
                0x0800c108       0x44 ./Middlewares/Third_Party/FreeRTOS/Source/portable/GCC/ARM_CM4F/port.o
                0x0800c108                xPortSysTickHandler
 .text.vPortSetupTimerInterrupt
                0x0800c14c       0x48 ./Middlewares/Third_Party/FreeRTOS/Source/portable/GCC/ARM_CM4F/port.o
                0x0800c14c                vPortSetupTimerInterrupt
 .text.vPortEnableVFP
                0x0800c194       0x14 ./Middlewares/Third_Party/FreeRTOS/Source/portable/GCC/ARM_CM4F/port.o
 .text.vPortValidateInterruptPriority
                0x0800c1a8       0x84 ./Middlewares/Third_Party/FreeRTOS/Source/portable/GCC/ARM_CM4F/port.o
                0x0800c1a8                vPortValidateInterruptPriority
 .text.pvPortMalloc
                0x0800c22c      0x19c ./Middlewares/Third_Party/FreeRTOS/Source/portable/MemMang/heap_4.o
                0x0800c22c                pvPortMalloc
 .text.vPortFree
                0x0800c3c8       0xc8 ./Middlewares/Third_Party/FreeRTOS/Source/portable/MemMang/heap_4.o
                0x0800c3c8                vPortFree
 .text.prvHeapInit
                0x0800c490       0xc4 ./Middlewares/Third_Party/FreeRTOS/Source/portable/MemMang/heap_4.o
 .text.prvInsertBlockIntoFreeList
                0x0800c554       0xb4 ./Middlewares/Third_Party/FreeRTOS/Source/portable/MemMang/heap_4.o
 .text.malloc   0x0800c608       0x10 C:/ST/STM32CubeIDE_1.19.0/STM32CubeIDE/plugins/com.st.stm32cube.ide.mcu.externaltools.gnu-tools-for-stm32.13.3.rel1.win32_1.0.0.202411081344/tools/bin/../lib/gcc/arm-none-eabi/13.3.1/../../../../arm-none-eabi/lib/thumb/v7e-m+fp/hard\libc_nano.a(libc_a-malloc.o)
                0x0800c608                malloc
 .text.free     0x0800c618       0x10 C:/ST/STM32CubeIDE_1.19.0/STM32CubeIDE/plugins/com.st.stm32cube.ide.mcu.externaltools.gnu-tools-for-stm32.13.3.rel1.win32_1.0.0.202411081344/tools/bin/../lib/gcc/arm-none-eabi/13.3.1/../../../../arm-none-eabi/lib/thumb/v7e-m+fp/hard\libc_nano.a(libc_a-malloc.o)
                0x0800c618                free
 .text.sbrk_aligned
                0x0800c628       0x44 C:/ST/STM32CubeIDE_1.19.0/STM32CubeIDE/plugins/com.st.stm32cube.ide.mcu.externaltools.gnu-tools-for-stm32.13.3.rel1.win32_1.0.0.202411081344/tools/bin/../lib/gcc/arm-none-eabi/13.3.1/../../../../arm-none-eabi/lib/thumb/v7e-m+fp/hard\libc_nano.a(libc_a-mallocr.o)
 .text._malloc_r
                0x0800c66c      0x100 C:/ST/STM32CubeIDE_1.19.0/STM32CubeIDE/plugins/com.st.stm32cube.ide.mcu.externaltools.gnu-tools-for-stm32.13.3.rel1.win32_1.0.0.202411081344/tools/bin/../lib/gcc/arm-none-eabi/13.3.1/../../../../arm-none-eabi/lib/thumb/v7e-m+fp/hard\libc_nano.a(libc_a-mallocr.o)
                0x0800c66c                _malloc_r
 .text.__malloc_lock
                0x0800c76c        0xc C:/ST/STM32CubeIDE_1.19.0/STM32CubeIDE/plugins/com.st.stm32cube.ide.mcu.externaltools.gnu-tools-for-stm32.13.3.rel1.win32_1.0.0.202411081344/tools/bin/../lib/gcc/arm-none-eabi/13.3.1/../../../../arm-none-eabi/lib/thumb/v7e-m+fp/hard\libc_nano.a(libc_a-mlock.o)
                0x0800c76c                __malloc_lock
 .text.__malloc_unlock
                0x0800c778        0xc C:/ST/STM32CubeIDE_1.19.0/STM32CubeIDE/plugins/com.st.stm32cube.ide.mcu.externaltools.gnu-tools-for-stm32.13.3.rel1.win32_1.0.0.202411081344/tools/bin/../lib/gcc/arm-none-eabi/13.3.1/../../../../arm-none-eabi/lib/thumb/v7e-m+fp/hard\libc_nano.a(libc_a-mlock.o)
                0x0800c778                __malloc_unlock
 .text.snprintf
                0x0800c784       0x6c C:/ST/STM32CubeIDE_1.19.0/STM32CubeIDE/plugins/com.st.stm32cube.ide.mcu.externaltools.gnu-tools-for-stm32.13.3.rel1.win32_1.0.0.202411081344/tools/bin/../lib/gcc/arm-none-eabi/13.3.1/../../../../arm-none-eabi/lib/thumb/v7e-m+fp/hard\libc_nano.a(libc_a-snprintf.o)
                0x0800c784                sniprintf
                0x0800c784                snprintf
 .text.memset   0x0800c7f0       0x10 C:/ST/STM32CubeIDE_1.19.0/STM32CubeIDE/plugins/com.st.stm32cube.ide.mcu.externaltools.gnu-tools-for-stm32.13.3.rel1.win32_1.0.0.202411081344/tools/bin/../lib/gcc/arm-none-eabi/13.3.1/../../../../arm-none-eabi/lib/thumb/v7e-m+fp/hard\libc_nano.a(libc_a-memset.o)
                0x0800c7f0                memset
 .text.strncmp  0x0800c800       0x24 C:/ST/STM32CubeIDE_1.19.0/STM32CubeIDE/plugins/com.st.stm32cube.ide.mcu.externaltools.gnu-tools-for-stm32.13.3.rel1.win32_1.0.0.202411081344/tools/bin/../lib/gcc/arm-none-eabi/13.3.1/../../../../arm-none-eabi/lib/thumb/v7e-m+fp/hard\libc_nano.a(libc_a-strncmp.o)
                0x0800c800                strncmp
 .text._sbrk_r  0x0800c824       0x20 C:/ST/STM32CubeIDE_1.19.0/STM32CubeIDE/plugins/com.st.stm32cube.ide.mcu.externaltools.gnu-tools-for-stm32.13.3.rel1.win32_1.0.0.202411081344/tools/bin/../lib/gcc/arm-none-eabi/13.3.1/../../../../arm-none-eabi/lib/thumb/v7e-m+fp/hard\libc_nano.a(libc_a-sbrkr.o)
                0x0800c824                _sbrk_r
 .text.__errno  0x0800c844        0xc C:/ST/STM32CubeIDE_1.19.0/STM32CubeIDE/plugins/com.st.stm32cube.ide.mcu.externaltools.gnu-tools-for-stm32.13.3.rel1.win32_1.0.0.202411081344/tools/bin/../lib/gcc/arm-none-eabi/13.3.1/../../../../arm-none-eabi/lib/thumb/v7e-m+fp/hard\libc_nano.a(libc_a-errno.o)
                0x0800c844                __errno
 .text.__libc_init_array
                0x0800c850       0x48 C:/ST/STM32CubeIDE_1.19.0/STM32CubeIDE/plugins/com.st.stm32cube.ide.mcu.externaltools.gnu-tools-for-stm32.13.3.rel1.win32_1.0.0.202411081344/tools/bin/../lib/gcc/arm-none-eabi/13.3.1/../../../../arm-none-eabi/lib/thumb/v7e-m+fp/hard\libc_nano.a(libc_a-init.o)
                0x0800c850                __libc_init_array
 .text.__retarget_lock_acquire_recursive
                0x0800c898        0x2 C:/ST/STM32CubeIDE_1.19.0/STM32CubeIDE/plugins/com.st.stm32cube.ide.mcu.externaltools.gnu-tools-for-stm32.13.3.rel1.win32_1.0.0.202411081344/tools/bin/../lib/gcc/arm-none-eabi/13.3.1/../../../../arm-none-eabi/lib/thumb/v7e-m+fp/hard\libc_nano.a(libc_a-lock.o)
                0x0800c898                __retarget_lock_acquire_recursive
 .text.__retarget_lock_release_recursive
                0x0800c89a        0x2 C:/ST/STM32CubeIDE_1.19.0/STM32CubeIDE/plugins/com.st.stm32cube.ide.mcu.externaltools.gnu-tools-for-stm32.13.3.rel1.win32_1.0.0.202411081344/tools/bin/../lib/gcc/arm-none-eabi/13.3.1/../../../../arm-none-eabi/lib/thumb/v7e-m+fp/hard\libc_nano.a(libc_a-lock.o)
                0x0800c89a                __retarget_lock_release_recursive
 .text.strcpy   0x0800c89c       0x10 C:/ST/STM32CubeIDE_1.19.0/STM32CubeIDE/plugins/com.st.stm32cube.ide.mcu.externaltools.gnu-tools-for-stm32.13.3.rel1.win32_1.0.0.202411081344/tools/bin/../lib/gcc/arm-none-eabi/13.3.1/../../../../arm-none-eabi/lib/thumb/v7e-m+fp/hard\libc_nano.a(libc_a-strcpy.o)
                0x0800c89c                strcpy
 .text.memcpy   0x0800c8ac       0x1c C:/ST/STM32CubeIDE_1.19.0/STM32CubeIDE/plugins/com.st.stm32cube.ide.mcu.externaltools.gnu-tools-for-stm32.13.3.rel1.win32_1.0.0.202411081344/tools/bin/../lib/gcc/arm-none-eabi/13.3.1/../../../../arm-none-eabi/lib/thumb/v7e-m+fp/hard\libc_nano.a(libc_a-memcpy-stub.o)
                0x0800c8ac                memcpy
 .text._free_r  0x0800c8c8       0x94 C:/ST/STM32CubeIDE_1.19.0/STM32CubeIDE/plugins/com.st.stm32cube.ide.mcu.externaltools.gnu-tools-for-stm32.13.3.rel1.win32_1.0.0.202411081344/tools/bin/../lib/gcc/arm-none-eabi/13.3.1/../../../../arm-none-eabi/lib/thumb/v7e-m+fp/hard\libc_nano.a(libc_a-freer.o)
                0x0800c8c8                _free_r
 .text.__ssputs_r
                0x0800c95c       0xb6 C:/ST/STM32CubeIDE_1.19.0/STM32CubeIDE/plugins/com.st.stm32cube.ide.mcu.externaltools.gnu-tools-for-stm32.13.3.rel1.win32_1.0.0.202411081344/tools/bin/../lib/gcc/arm-none-eabi/13.3.1/../../../../arm-none-eabi/lib/thumb/v7e-m+fp/hard\libc_nano.a(libc_a-nano-svfprintf.o)
                0x0800c95c                __ssputs_r
 *fill*         0x0800ca12        0x2 
 .text._svfprintf_r
                0x0800ca14      0x1f8 C:/ST/STM32CubeIDE_1.19.0/STM32CubeIDE/plugins/com.st.stm32cube.ide.mcu.externaltools.gnu-tools-for-stm32.13.3.rel1.win32_1.0.0.202411081344/tools/bin/../lib/gcc/arm-none-eabi/13.3.1/../../../../arm-none-eabi/lib/thumb/v7e-m+fp/hard\libc_nano.a(libc_a-nano-svfprintf.o)
                0x0800ca14                _svfiprintf_r
                0x0800ca14                _svfprintf_r
 .text._printf_common
                0x0800cc0c       0xda C:/ST/STM32CubeIDE_1.19.0/STM32CubeIDE/plugins/com.st.stm32cube.ide.mcu.externaltools.gnu-tools-for-stm32.13.3.rel1.win32_1.0.0.202411081344/tools/bin/../lib/gcc/arm-none-eabi/13.3.1/../../../../arm-none-eabi/lib/thumb/v7e-m+fp/hard\libc_nano.a(libc_a-nano-vfprintf_i.o)
                0x0800cc0c                _printf_common
 *fill*         0x0800cce6        0x2 
 .text._printf_i
                0x0800cce8      0x23c C:/ST/STM32CubeIDE_1.19.0/STM32CubeIDE/plugins/com.st.stm32cube.ide.mcu.externaltools.gnu-tools-for-stm32.13.3.rel1.win32_1.0.0.202411081344/tools/bin/../lib/gcc/arm-none-eabi/13.3.1/../../../../arm-none-eabi/lib/thumb/v7e-m+fp/hard\libc_nano.a(libc_a-nano-vfprintf_i.o)
                0x0800cce8                _printf_i
 .text.memmove  0x0800cf24       0x34 C:/ST/STM32CubeIDE_1.19.0/STM32CubeIDE/plugins/com.st.stm32cube.ide.mcu.externaltools.gnu-tools-for-stm32.13.3.rel1.win32_1.0.0.202411081344/tools/bin/../lib/gcc/arm-none-eabi/13.3.1/../../../../arm-none-eabi/lib/thumb/v7e-m+fp/hard\libc_nano.a(libc_a-memmove.o)
                0x0800cf24                memmove
 .text._realloc_r
                0x0800cf58       0x5c C:/ST/STM32CubeIDE_1.19.0/STM32CubeIDE/plugins/com.st.stm32cube.ide.mcu.externaltools.gnu-tools-for-stm32.13.3.rel1.win32_1.0.0.202411081344/tools/bin/../lib/gcc/arm-none-eabi/13.3.1/../../../../arm-none-eabi/lib/thumb/v7e-m+fp/hard\libc_nano.a(libc_a-reallocr.o)
                0x0800cf58                _realloc_r
 .text._malloc_usable_size_r
                0x0800cfb4       0x10 C:/ST/STM32CubeIDE_1.19.0/STM32CubeIDE/plugins/com.st.stm32cube.ide.mcu.externaltools.gnu-tools-for-stm32.13.3.rel1.win32_1.0.0.202411081344/tools/bin/../lib/gcc/arm-none-eabi/13.3.1/../../../../arm-none-eabi/lib/thumb/v7e-m+fp/hard\libc_nano.a(libc_a-msizer.o)
                0x0800cfb4                _malloc_usable_size_r
 *(.glue_7)
 .glue_7        0x0800cfc4        0x0 linker stubs
 *(.glue_7t)
 .glue_7t       0x0800cfc4        0x0 linker stubs
 *(.eh_frame)
 .eh_frame      0x0800cfc4        0x0 C:/ST/STM32CubeIDE_1.19.0/STM32CubeIDE/plugins/com.st.stm32cube.ide.mcu.externaltools.gnu-tools-for-stm32.13.3.rel1.win32_1.0.0.202411081344/tools/bin/../lib/gcc/arm-none-eabi/13.3.1/thumb/v7e-m+fp/hard/crtbegin.o
 *(.init)
 .init          0x0800cfc4        0x4 C:/ST/STM32CubeIDE_1.19.0/STM32CubeIDE/plugins/com.st.stm32cube.ide.mcu.externaltools.gnu-tools-for-stm32.13.3.rel1.win32_1.0.0.202411081344/tools/bin/../lib/gcc/arm-none-eabi/13.3.1/thumb/v7e-m+fp/hard/crti.o
                0x0800cfc4                _init
 .init          0x0800cfc8        0x8 C:/ST/STM32CubeIDE_1.19.0/STM32CubeIDE/plugins/com.st.stm32cube.ide.mcu.externaltools.gnu-tools-for-stm32.13.3.rel1.win32_1.0.0.202411081344/tools/bin/../lib/gcc/arm-none-eabi/13.3.1/thumb/v7e-m+fp/hard/crtn.o
 *(.fini)
 .fini          0x0800cfd0        0x4 C:/ST/STM32CubeIDE_1.19.0/STM32CubeIDE/plugins/com.st.stm32cube.ide.mcu.externaltools.gnu-tools-for-stm32.13.3.rel1.win32_1.0.0.202411081344/tools/bin/../lib/gcc/arm-none-eabi/13.3.1/thumb/v7e-m+fp/hard/crti.o
                0x0800cfd0                _fini
 .fini          0x0800cfd4        0x8 C:/ST/STM32CubeIDE_1.19.0/STM32CubeIDE/plugins/com.st.stm32cube.ide.mcu.externaltools.gnu-tools-for-stm32.13.3.rel1.win32_1.0.0.202411081344/tools/bin/../lib/gcc/arm-none-eabi/13.3.1/thumb/v7e-m+fp/hard/crtn.o
                0x0800cfdc                        . = ALIGN (0x4)
                0x0800cfdc                        _etext = .

.vfp11_veneer   0x0800cfdc        0x0
 .vfp11_veneer  0x0800cfdc        0x0 linker stubs

.v4_bx          0x0800cfdc        0x0
 .v4_bx         0x0800cfdc        0x0 linker stubs

.iplt           0x0800cfdc        0x0
 .iplt          0x0800cfdc        0x0 C:/ST/STM32CubeIDE_1.19.0/STM32CubeIDE/plugins/com.st.stm32cube.ide.mcu.externaltools.gnu-tools-for-stm32.13.3.rel1.win32_1.0.0.202411081344/tools/bin/../lib/gcc/arm-none-eabi/13.3.1/thumb/v7e-m+fp/hard/crtbegin.o

.rodata         0x0800cfdc      0x894
                0x0800cfdc                        . = ALIGN (0x4)
 *(.rodata)
 .rodata        0x0800cfdc      0x2cb ./Core/Src/json_cmd.o
 *fill*         0x0800d2a7        0x1 
 .rodata        0x0800d2a8       0x35 ./Core/Src/main.o
 *fill*         0x0800d2dd        0x3 
 .rodata        0x0800d2e0      0x4a2 ./Core/Src/monitors_config.o
 *fill*         0x0800d782        0x2 
 .rodata        0x0800d784        0x5 ./Middlewares/Third_Party/FreeRTOS/Source/tasks.o
 *fill*         0x0800d789        0x3 
 .rodata        0x0800d78c        0xd ./Middlewares/Third_Party/FreeRTOS/Source/timers.o
 *(.rodata*)
 *fill*         0x0800d799        0x3 
 .rodata.RS485_cmd_attributes
                0x0800d79c       0x24 ./Core/Src/main.o
                0x0800d79c                RS485_cmd_attributes
 .rodata.Update_input_attributes
                0x0800d7c0       0x24 ./Core/Src/main.o
                0x0800d7c0                Update_input_attributes
 .rodata.myBinarySem01_attributes
                0x0800d7e4       0x10 ./Core/Src/main.o
                0x0800d7e4                myBinarySem01_attributes
 .rodata.AHBPrescTable
                0x0800d7f4       0x10 ./Core/Src/system_stm32l4xx.o
                0x0800d7f4                AHBPrescTable
 .rodata.APBPrescTable
                0x0800d804        0x8 ./Core/Src/system_stm32l4xx.o
                0x0800d804                APBPrescTable
 .rodata.MSIRangeTable
                0x0800d80c       0x30 ./Core/Src/system_stm32l4xx.o
                0x0800d80c                MSIRangeTable
 .rodata._svfprintf_r.str1.1
                0x0800d83c       0x33 C:/ST/STM32CubeIDE_1.19.0/STM32CubeIDE/plugins/com.st.stm32cube.ide.mcu.externaltools.gnu-tools-for-stm32.13.3.rel1.win32_1.0.0.202411081344/tools/bin/../lib/gcc/arm-none-eabi/13.3.1/../../../../arm-none-eabi/lib/thumb/v7e-m+fp/hard\libc_nano.a(libc_a-nano-svfprintf.o)
                                 0x11 (size before relaxing)
 .rodata._printf_i.str1.1
                0x0800d86f       0x22 C:/ST/STM32CubeIDE_1.19.0/STM32CubeIDE/plugins/com.st.stm32cube.ide.mcu.externaltools.gnu-tools-for-stm32.13.3.rel1.win32_1.0.0.202411081344/tools/bin/../lib/gcc/arm-none-eabi/13.3.1/../../../../arm-none-eabi/lib/thumb/v7e-m+fp/hard\libc_nano.a(libc_a-nano-vfprintf_i.o)
                0x0800d894                        . = ALIGN (0x4)
 *fill*         0x0800d86f        0x1 

.ARM.extab      0x0800d870        0x0
                0x0800d870                        . = ALIGN (0x4)
 *(.ARM.extab* .gnu.linkonce.armextab.*)
                0x0800d870                        . = ALIGN (0x4)

.ARM            0x0800d870        0x8
                0x0800d870                        . = ALIGN (0x4)
                0x0800d870                        __exidx_start = .
 *(.ARM.exidx*)
 .ARM.exidx     0x0800d870        0x8 C:/ST/STM32CubeIDE_1.19.0/STM32CubeIDE/plugins/com.st.stm32cube.ide.mcu.externaltools.gnu-tools-for-stm32.13.3.rel1.win32_1.0.0.202411081344/tools/bin/../lib/gcc/arm-none-eabi/13.3.1/../../../../arm-none-eabi/lib/thumb/v7e-m+fp/hard\libc_nano.a(libc_a-strcmp.o)
 .ARM.exidx     0x0800d878        0x0 C:/ST/STM32CubeIDE_1.19.0/STM32CubeIDE/plugins/com.st.stm32cube.ide.mcu.externaltools.gnu-tools-for-stm32.13.3.rel1.win32_1.0.0.202411081344/tools/bin/../lib/gcc/arm-none-eabi/13.3.1/../../../../arm-none-eabi/lib/thumb/v7e-m+fp/hard\libc_nano.a(libc_a-strlen.o)
                                  0x8 (size before relaxing)
 .ARM.exidx     0x0800d878        0x0 C:/ST/STM32CubeIDE_1.19.0/STM32CubeIDE/plugins/com.st.stm32cube.ide.mcu.externaltools.gnu-tools-for-stm32.13.3.rel1.win32_1.0.0.202411081344/tools/bin/../lib/gcc/arm-none-eabi/13.3.1/../../../../arm-none-eabi/lib/thumb/v7e-m+fp/hard\libc_nano.a(libc_a-memchr.o)
                                  0x8 (size before relaxing)
 .ARM.exidx     0x0800d878        0x0 C:/ST/STM32CubeIDE_1.19.0/STM32CubeIDE/plugins/com.st.stm32cube.ide.mcu.externaltools.gnu-tools-for-stm32.13.3.rel1.win32_1.0.0.202411081344/tools/bin/../lib/gcc/arm-none-eabi/13.3.1/thumb/v7e-m+fp/hard\libgcc.a(_udivmoddi4.o)
                                  0x8 (size before relaxing)
                0x0800d878                        __exidx_end = .
                0x0800d878                        . = ALIGN (0x4)

.preinit_array  0x0800d878        0x0
                0x0800d878                        . = ALIGN (0x4)
                0x0800d878                        PROVIDE (__preinit_array_start = .)
 *(.preinit_array*)
                0x0800d878                        PROVIDE (__preinit_array_end = .)
                0x0800d878                        . = ALIGN (0x4)

.init_array     0x0800d878        0x4
                0x0800d878                        . = ALIGN (0x4)
                0x0800d878                        PROVIDE (__init_array_start = .)
 *(SORT_BY_NAME(.init_array.*))
 *(.init_array*)
 .init_array    0x0800d878        0x4 C:/ST/STM32CubeIDE_1.19.0/STM32CubeIDE/plugins/com.st.stm32cube.ide.mcu.externaltools.gnu-tools-for-stm32.13.3.rel1.win32_1.0.0.202411081344/tools/bin/../lib/gcc/arm-none-eabi/13.3.1/thumb/v7e-m+fp/hard/crtbegin.o
                0x0800d87c                        PROVIDE (__init_array_end = .)
                0x0800d87c                        . = ALIGN (0x4)

.fini_array     0x0800d87c        0x4
                0x0800d87c                        . = ALIGN (0x4)
                [!provide]                        PROVIDE (__fini_array_start = .)
 *(SORT_BY_NAME(.fini_array.*))
 *(.fini_array*)
 .fini_array    0x0800d87c        0x4 C:/ST/STM32CubeIDE_1.19.0/STM32CubeIDE/plugins/com.st.stm32cube.ide.mcu.externaltools.gnu-tools-for-stm32.13.3.rel1.win32_1.0.0.202411081344/tools/bin/../lib/gcc/arm-none-eabi/13.3.1/thumb/v7e-m+fp/hard/crtbegin.o
                [!provide]                        PROVIDE (__fini_array_end = .)
                0x0800d880                        . = ALIGN (0x4)
                0x0800d880                        _sidata = LOADADDR (.data)

.rel.dyn        0x0800d880        0x0
 .rel.iplt      0x0800d880        0x0 C:/ST/STM32CubeIDE_1.19.0/STM32CubeIDE/plugins/com.st.stm32cube.ide.mcu.externaltools.gnu-tools-for-stm32.13.3.rel1.win32_1.0.0.202411081344/tools/bin/../lib/gcc/arm-none-eabi/13.3.1/thumb/v7e-m+fp/hard/crtbegin.o

.data           0x20000000       0x64 load address 0x0800d880
                0x20000000                        . = ALIGN (0x4)
                0x20000000                        _sdata = .
 *(.data)
 *(.data*)
 .data.button1  0x20000000        0x1 ./Core/Src/main.o
                0x20000000                button1
 .data.write_mode_cmd
                0x20000001        0x1 ./Core/Src/pcf8575.o
 *fill*         0x20000002        0x2 
 .data.SystemCoreClock
                0x20000004        0x4 ./Core/Src/system_stm32l4xx.o
                0x20000004                SystemCoreClock
 .data.uwTickPrio
                0x20000008        0x4 ./Drivers/STM32L4xx_HAL_Driver/Src/stm32l4xx_hal.o
                0x20000008                uwTickPrio
 .data.uwTickFreq
                0x2000000c        0x1 ./Drivers/STM32L4xx_HAL_Driver/Src/stm32l4xx_hal.o
                0x2000000c                uwTickFreq
 *fill*         0x2000000d        0x3 
 .data.uxCriticalNesting
                0x20000010        0x4 ./Middlewares/Third_Party/FreeRTOS/Source/portable/GCC/ARM_CM4F/port.o
 .data._impure_ptr
                0x20000014        0x4 C:/ST/STM32CubeIDE_1.19.0/STM32CubeIDE/plugins/com.st.stm32cube.ide.mcu.externaltools.gnu-tools-for-stm32.13.3.rel1.win32_1.0.0.202411081344/tools/bin/../lib/gcc/arm-none-eabi/13.3.1/../../../../arm-none-eabi/lib/thumb/v7e-m+fp/hard\libc_nano.a(libc_a-impure.o)
                0x20000014                _impure_ptr
 .data._impure_data
                0x20000018       0x4c C:/ST/STM32CubeIDE_1.19.0/STM32CubeIDE/plugins/com.st.stm32cube.ide.mcu.externaltools.gnu-tools-for-stm32.13.3.rel1.win32_1.0.0.202411081344/tools/bin/../lib/gcc/arm-none-eabi/13.3.1/../../../../arm-none-eabi/lib/thumb/v7e-m+fp/hard\libc_nano.a(libc_a-impure.o)
                0x20000018                _impure_data
 *(.RamFunc)
 *(.RamFunc*)
                0x20000064                        . = ALIGN (0x4)
                0x20000064                        _edata = .

.igot.plt       0x20000064        0x0 load address 0x0800d8e4
 .igot.plt      0x20000064        0x0 C:/ST/STM32CubeIDE_1.19.0/STM32CubeIDE/plugins/com.st.stm32cube.ide.mcu.externaltools.gnu-tools-for-stm32.13.3.rel1.win32_1.0.0.202411081344/tools/bin/../lib/gcc/arm-none-eabi/13.3.1/thumb/v7e-m+fp/hard/crtbegin.o
                0x20000064                        . = ALIGN (0x4)

.bss            0x20000064     0x7bd8 load address 0x0800d8e4
                0x20000064                        _sbss = .
                0x20000064                        __bss_start__ = _sbss
 *(.bss)
 .bss           0x20000064       0x1c C:/ST/STM32CubeIDE_1.19.0/STM32CubeIDE/plugins/com.st.stm32cube.ide.mcu.externaltools.gnu-tools-for-stm32.13.3.rel1.win32_1.0.0.202411081344/tools/bin/../lib/gcc/arm-none-eabi/13.3.1/thumb/v7e-m+fp/hard/crtbegin.o
 *(.bss*)
 .bss.monitors_event
                0x20000080      0x2c0 ./Core/Src/input.o
                0x20000080                monitors_event
 .bss.events_index
                0x20000340        0x4 ./Core/Src/input.o
                0x20000340                events_index
 .bss.events_count
                0x20000344        0x4 ./Core/Src/input.o
                0x20000344                events_count
 .bss.hi2c3     0x20000348       0x54 ./Core/Src/main.o
                0x20000348                hi2c3
 .bss.htim6     0x2000039c       0x4c ./Core/Src/main.o
                0x2000039c                htim6
 .bss.huart2    0x200003e8       0x88 ./Core/Src/main.o
                0x200003e8                huart2
 .bss.huart3    0x20000470       0x88 ./Core/Src/main.o
                0x20000470                huart3
 .bss.hdma_usart3_rx
                0x200004f8       0x48 ./Core/Src/main.o
                0x200004f8                hdma_usart3_rx
 .bss.RS485_cmdHandle
                0x20000540        0x4 ./Core/Src/main.o
                0x20000540                RS485_cmdHandle
 .bss.RS485_cmdBuffer
                0x20000544     0x4000 ./Core/Src/main.o
                0x20000544                RS485_cmdBuffer
 .bss.RS485_cmdControlBlock
                0x20004544       0x5c ./Core/Src/main.o
                0x20004544                RS485_cmdControlBlock
 .bss.Update_inputHandle
                0x200045a0        0x4 ./Core/Src/main.o
                0x200045a0                Update_inputHandle
 .bss.RS485_reportBuffer
                0x200045a4      0x800 ./Core/Src/main.o
                0x200045a4                RS485_reportBuffer
 .bss.RS485_reportControlBlock
                0x20004da4       0x5c ./Core/Src/main.o
                0x20004da4                RS485_reportControlBlock
 .bss.myBinarySem01Handle
                0x20004e00        0x4 ./Core/Src/main.o
                0x20004e00                myBinarySem01Handle
 .bss.myBinarySem01ControlBlock
                0x20004e04       0x50 ./Core/Src/main.o
                0x20004e04                myBinarySem01ControlBlock
 .bss.hmax3485_1
                0x20004e54        0xc ./Core/Src/main.o
                0x20004e54                hmax3485_1
 .bss.hmax3485_2
                0x20004e60        0xc ./Core/Src/main.o
                0x20004e60                hmax3485_2
 .bss.rx_buffer
                0x20004e6c      0x800 ./Core/Src/main.o
                0x20004e6c                rx_buffer
 .bss.rx_index  0x2000566c        0x2 ./Core/Src/main.o
                0x2000566c                rx_index
 .bss.timer     0x2000566e        0x2 ./Core/Src/main.o
                0x2000566e                timer
 .bss.tim6_tick_ms
                0x20005670        0x4 ./Core/Src/main.o
                0x20005670                tim6_tick_ms
 .bss.tim6_pulse_active
                0x20005674        0x1 ./Core/Src/main.o
                0x20005674                tim6_pulse_active
 .bss.tim6_pulse_button
                0x20005675        0x1 ./Core/Src/main.o
                0x20005675                tim6_pulse_button
 *fill*         0x20005676        0x2 
 .bss.tim6_pulse_end_tick
                0x20005678        0x4 ./Core/Src/main.o
                0x20005678                tim6_pulse_end_tick
 .bss.tim6_pulse_seq_active
                0x2000567c        0x1 ./Core/Src/main.o
                0x2000567c                tim6_pulse_seq_active
 .bss.tim6_pulse_seq_button
                0x2000567d        0x1 ./Core/Src/main.o
                0x2000567d                tim6_pulse_seq_button
 .bss.tim6_pulse_seq_phase
                0x2000567e        0x1 ./Core/Src/main.o
                0x2000567e                tim6_pulse_seq_phase
 .bss.tim6_pulse_seq_index
                0x2000567f        0x1 ./Core/Src/main.o
                0x2000567f                tim6_pulse_seq_index
 .bss.tim6_pulse_seq_count
                0x20005680        0x1 ./Core/Src/main.o
                0x20005680                tim6_pulse_seq_count
 *fill*         0x20005681        0x3 
 .bss.tim6_pulse_seq_deadline
                0x20005684        0x4 ./Core/Src/main.o
                0x20005684                tim6_pulse_seq_deadline
 .bss.tim6_pulse_seq_pulse_ms
                0x20005688       0x28 ./Core/Src/main.o
                0x20005688                tim6_pulse_seq_pulse_ms
 .bss.tim6_pulse_seq_gap_ms
                0x200056b0       0x28 ./Core/Src/main.o
                0x200056b0                tim6_pulse_seq_gap_ms
 .bss.response  0x200056d8      0x800 ./Core/Src/main.o
                0x200056d8                response
 .bss.monitors_arr
                0x20005ed8      0x300 ./Core/Src/monitors_config.o
                0x20005ed8                monitors_arr
 .bss.g_json_str
                0x200061d8        0x4 ./Core/Src/monitors_config.o
 .bss.gs_fac_us
                0x200061dc        0x4 ./Core/Src/pcf8575.o
 .bss.pcf8575_state
                0x200061e0        0x2 ./Core/Src/pcf8575.o
 *fill*         0x200061e2        0x2 
 .bss.__sbrk_heap_end
                0x200061e4        0x4 ./Core/Src/sysmem.o
 .bss.uwTick    0x200061e8        0x4 ./Drivers/STM32L4xx_HAL_Driver/Src/stm32l4xx_hal.o
                0x200061e8                uwTick
 .bss.KernelState
                0x200061ec        0x4 ./Middlewares/Third_Party/FreeRTOS/Source/CMSIS_RTOS_V2/cmsis_os2.o
 .bss.Idle_TCB.3
                0x200061f0       0x5c ./Middlewares/Third_Party/FreeRTOS/Source/CMSIS_RTOS_V2/cmsis_os2.o
 .bss.Idle_Stack.2
                0x2000624c      0x200 ./Middlewares/Third_Party/FreeRTOS/Source/CMSIS_RTOS_V2/cmsis_os2.o
 .bss.Timer_TCB.1
                0x2000644c       0x5c ./Middlewares/Third_Party/FreeRTOS/Source/CMSIS_RTOS_V2/cmsis_os2.o
 .bss.Timer_Stack.0
                0x200064a8      0x400 ./Middlewares/Third_Party/FreeRTOS/Source/CMSIS_RTOS_V2/cmsis_os2.o
 .bss.xQueueRegistry
                0x200068a8       0x40 ./Middlewares/Third_Party/FreeRTOS/Source/queue.o
                0x200068a8                xQueueRegistry
 .bss.pxCurrentTCB
                0x200068e8        0x4 ./Middlewares/Third_Party/FreeRTOS/Source/tasks.o
                0x200068e8                pxCurrentTCB
 .bss.pxReadyTasksLists
                0x200068ec      0x460 ./Middlewares/Third_Party/FreeRTOS/Source/tasks.o
 .bss.xDelayedTaskList1
                0x20006d4c       0x14 ./Middlewares/Third_Party/FreeRTOS/Source/tasks.o
 .bss.xDelayedTaskList2
                0x20006d60       0x14 ./Middlewares/Third_Party/FreeRTOS/Source/tasks.o
 .bss.pxDelayedTaskList
                0x20006d74        0x4 ./Middlewares/Third_Party/FreeRTOS/Source/tasks.o
 .bss.pxOverflowDelayedTaskList
                0x20006d78        0x4 ./Middlewares/Third_Party/FreeRTOS/Source/tasks.o
 .bss.xPendingReadyList
                0x20006d7c       0x14 ./Middlewares/Third_Party/FreeRTOS/Source/tasks.o
 .bss.xTasksWaitingTermination
                0x20006d90       0x14 ./Middlewares/Third_Party/FreeRTOS/Source/tasks.o
 .bss.uxDeletedTasksWaitingCleanUp
                0x20006da4        0x4 ./Middlewares/Third_Party/FreeRTOS/Source/tasks.o
 .bss.xSuspendedTaskList
                0x20006da8       0x14 ./Middlewares/Third_Party/FreeRTOS/Source/tasks.o
 .bss.uxCurrentNumberOfTasks
                0x20006dbc        0x4 ./Middlewares/Third_Party/FreeRTOS/Source/tasks.o
 .bss.xTickCount
                0x20006dc0        0x4 ./Middlewares/Third_Party/FreeRTOS/Source/tasks.o
 .bss.uxTopReadyPriority
                0x20006dc4        0x4 ./Middlewares/Third_Party/FreeRTOS/Source/tasks.o
 .bss.xSchedulerRunning
                0x20006dc8        0x4 ./Middlewares/Third_Party/FreeRTOS/Source/tasks.o
 .bss.xPendedTicks
                0x20006dcc        0x4 ./Middlewares/Third_Party/FreeRTOS/Source/tasks.o
 .bss.xYieldPending
                0x20006dd0        0x4 ./Middlewares/Third_Party/FreeRTOS/Source/tasks.o
 .bss.xNumOfOverflows
                0x20006dd4        0x4 ./Middlewares/Third_Party/FreeRTOS/Source/tasks.o
 .bss.uxTaskNumber
                0x20006dd8        0x4 ./Middlewares/Third_Party/FreeRTOS/Source/tasks.o
 .bss.xNextTaskUnblockTime
                0x20006ddc        0x4 ./Middlewares/Third_Party/FreeRTOS/Source/tasks.o
 .bss.xIdleTaskHandle
                0x20006de0        0x4 ./Middlewares/Third_Party/FreeRTOS/Source/tasks.o
 .bss.uxSchedulerSuspended
                0x20006de4        0x4 ./Middlewares/Third_Party/FreeRTOS/Source/tasks.o
 .bss.xActiveTimerList1
                0x20006de8       0x14 ./Middlewares/Third_Party/FreeRTOS/Source/timers.o
 .bss.xActiveTimerList2
                0x20006dfc       0x14 ./Middlewares/Third_Party/FreeRTOS/Source/timers.o
 .bss.pxCurrentTimerList
                0x20006e10        0x4 ./Middlewares/Third_Party/FreeRTOS/Source/timers.o
 .bss.pxOverflowTimerList
                0x20006e14        0x4 ./Middlewares/Third_Party/FreeRTOS/Source/timers.o
 .bss.xTimerQueue
                0x20006e18        0x4 ./Middlewares/Third_Party/FreeRTOS/Source/timers.o
 .bss.xTimerTaskHandle
                0x20006e1c        0x4 ./Middlewares/Third_Party/FreeRTOS/Source/timers.o
 .bss.xLastTime.2
                0x20006e20        0x4 ./Middlewares/Third_Party/FreeRTOS/Source/timers.o
 .bss.ucStaticTimerQueueStorage.1
                0x20006e24       0xa0 ./Middlewares/Third_Party/FreeRTOS/Source/timers.o
 .bss.xStaticTimerQueue.0
                0x20006ec4       0x50 ./Middlewares/Third_Party/FreeRTOS/Source/timers.o
 .bss.ucMaxSysCallPriority
                0x20006f14        0x1 ./Middlewares/Third_Party/FreeRTOS/Source/portable/GCC/ARM_CM4F/port.o
 *fill*         0x20006f15        0x3 
 .bss.ulMaxPRIGROUPValue
                0x20006f18        0x4 ./Middlewares/Third_Party/FreeRTOS/Source/portable/GCC/ARM_CM4F/port.o
 .bss.ucHeap    0x20006f1c      0xbb8 ./Middlewares/Third_Party/FreeRTOS/Source/portable/MemMang/heap_4.o
 .bss.xStart    0x20007ad4        0x8 ./Middlewares/Third_Party/FreeRTOS/Source/portable/MemMang/heap_4.o
 .bss.pxEnd     0x20007adc        0x4 ./Middlewares/Third_Party/FreeRTOS/Source/portable/MemMang/heap_4.o
 .bss.xFreeBytesRemaining
                0x20007ae0        0x4 ./Middlewares/Third_Party/FreeRTOS/Source/portable/MemMang/heap_4.o
 .bss.xMinimumEverFreeBytesRemaining
                0x20007ae4        0x4 ./Middlewares/Third_Party/FreeRTOS/Source/portable/MemMang/heap_4.o
 .bss.xNumberOfSuccessfulAllocations
                0x20007ae8        0x4 ./Middlewares/Third_Party/FreeRTOS/Source/portable/MemMang/heap_4.o
 .bss.xNumberOfSuccessfulFrees
                0x20007aec        0x4 ./Middlewares/Third_Party/FreeRTOS/Source/portable/MemMang/heap_4.o
 .bss.xBlockAllocatedBit
                0x20007af0        0x4 ./Middlewares/Third_Party/FreeRTOS/Source/portable/MemMang/heap_4.o
 .bss.__malloc_sbrk_start
                0x20007af4        0x4 C:/ST/STM32CubeIDE_1.19.0/STM32CubeIDE/plugins/com.st.stm32cube.ide.mcu.externaltools.gnu-tools-for-stm32.13.3.rel1.win32_1.0.0.202411081344/tools/bin/../lib/gcc/arm-none-eabi/13.3.1/../../../../arm-none-eabi/lib/thumb/v7e-m+fp/hard\libc_nano.a(libc_a-mallocr.o)
                0x20007af4                __malloc_sbrk_start
 .bss.__malloc_free_list
                0x20007af8        0x4 C:/ST/STM32CubeIDE_1.19.0/STM32CubeIDE/plugins/com.st.stm32cube.ide.mcu.externaltools.gnu-tools-for-stm32.13.3.rel1.win32_1.0.0.202411081344/tools/bin/../lib/gcc/arm-none-eabi/13.3.1/../../../../arm-none-eabi/lib/thumb/v7e-m+fp/hard\libc_nano.a(libc_a-mallocr.o)
                0x20007af8                __malloc_free_list
 .bss.__sf      0x20007afc      0x138 C:/ST/STM32CubeIDE_1.19.0/STM32CubeIDE/plugins/com.st.stm32cube.ide.mcu.externaltools.gnu-tools-for-stm32.13.3.rel1.win32_1.0.0.202411081344/tools/bin/../lib/gcc/arm-none-eabi/13.3.1/../../../../arm-none-eabi/lib/thumb/v7e-m+fp/hard\libc_nano.a(libc_a-findfp.o)
                0x20007afc                __sf
 .bss.errno     0x20007c34        0x4 C:/ST/STM32CubeIDE_1.19.0/STM32CubeIDE/plugins/com.st.stm32cube.ide.mcu.externaltools.gnu-tools-for-stm32.13.3.rel1.win32_1.0.0.202411081344/tools/bin/../lib/gcc/arm-none-eabi/13.3.1/../../../../arm-none-eabi/lib/thumb/v7e-m+fp/hard\libc_nano.a(libc_a-reent.o)
                0x20007c34                errno
 .bss.__lock___malloc_recursive_mutex
                0x20007c38        0x1 C:/ST/STM32CubeIDE_1.19.0/STM32CubeIDE/plugins/com.st.stm32cube.ide.mcu.externaltools.gnu-tools-for-stm32.13.3.rel1.win32_1.0.0.202411081344/tools/bin/../lib/gcc/arm-none-eabi/13.3.1/../../../../arm-none-eabi/lib/thumb/v7e-m+fp/hard\libc_nano.a(libc_a-lock.o)
                0x20007c38                __lock___malloc_recursive_mutex
 *(COMMON)
                0x20007c3c                        . = ALIGN (0x4)
 *fill*         0x20007c39        0x3 
                0x20007c3c                        _ebss = .
                0x20007c3c                        __bss_end__ = _ebss

._user_heap_stack
                0x20007c3c      0x604 load address 0x0800d8e4
                0x20007c40                        . = ALIGN (0x8)
 *fill*         0x20007c3c        0x4 
                [!provide]                        PROVIDE (end = .)
                0x20007c40                        PROVIDE (_end = .)
                0x20007e40                        . = (. + _Min_Heap_Size)
 *fill*         0x20007c40      0x200 
                0x20008240                        . = (. + _Min_Stack_Size)
 *fill*         0x20007e40      0x400 
                0x20008240                        . = ALIGN (0x8)

/DISCARD/
 libc.a(*)
 libm.a(*)
 libgcc.a(*)

.ARM.attributes
                0x00000000       0x30
 *(.ARM.attributes)
 .ARM.attributes
                0x00000000       0x22 C:/ST/STM32CubeIDE_1.19.0/STM32CubeIDE/plugins/com.st.stm32cube.ide.mcu.externaltools.gnu-tools-for-stm32.13.3.rel1.win32_1.0.0.202411081344/tools/bin/../lib/gcc/arm-none-eabi/13.3.1/thumb/v7e-m+fp/hard/crti.o
 .ARM.attributes
                0x00000022       0x34 C:/ST/STM32CubeIDE_1.19.0/STM32CubeIDE/plugins/com.st.stm32cube.ide.mcu.externaltools.gnu-tools-for-stm32.13.3.rel1.win32_1.0.0.202411081344/tools/bin/../lib/gcc/arm-none-eabi/13.3.1/thumb/v7e-m+fp/hard/crtbegin.o
 .ARM.attributes
                0x00000056       0x34 ./Core/Src/input.o
 .ARM.attributes
                0x0000008a       0x34 ./Core/Src/jsmn.o
 .ARM.attributes
                0x000000be       0x34 ./Core/Src/json_cmd.o
 .ARM.attributes
                0x000000f2       0x34 ./Core/Src/main.o
 .ARM.attributes
                0x00000126       0x34 ./Core/Src/max3485.o
 .ARM.attributes
                0x0000015a       0x34 ./Core/Src/monitors_config.o
 .ARM.attributes
                0x0000018e       0x34 ./Core/Src/output.o
 .ARM.attributes
                0x000001c2       0x34 ./Core/Src/pcf8575.o
 .ARM.attributes
                0x000001f6       0x34 ./Core/Src/stm32l4xx_hal_msp.o
 .ARM.attributes
                0x0000022a       0x34 ./Core/Src/stm32l4xx_it.o
 .ARM.attributes
                0x0000025e       0x34 ./Core/Src/sysmem.o
 .ARM.attributes
                0x00000292       0x34 ./Core/Src/system_stm32l4xx.o
 .ARM.attributes
                0x000002c6       0x21 ./Core/Startup/startup_stm32l431rctx.o
 .ARM.attributes
                0x000002e7       0x34 ./Drivers/STM32L4xx_HAL_Driver/Src/stm32l4xx_hal.o
 .ARM.attributes
                0x0000031b       0x34 ./Drivers/STM32L4xx_HAL_Driver/Src/stm32l4xx_hal_cortex.o
 .ARM.attributes
                0x0000034f       0x34 ./Drivers/STM32L4xx_HAL_Driver/Src/stm32l4xx_hal_dma.o
 .ARM.attributes
                0x00000383       0x34 ./Drivers/STM32L4xx_HAL_Driver/Src/stm32l4xx_hal_gpio.o
 .ARM.attributes
                0x000003b7       0x34 ./Drivers/STM32L4xx_HAL_Driver/Src/stm32l4xx_hal_i2c.o
 .ARM.attributes
                0x000003eb       0x34 ./Drivers/STM32L4xx_HAL_Driver/Src/stm32l4xx_hal_i2c_ex.o
 .ARM.attributes
                0x0000041f       0x34 ./Drivers/STM32L4xx_HAL_Driver/Src/stm32l4xx_hal_pwr.o
 .ARM.attributes
                0x00000453       0x34 ./Drivers/STM32L4xx_HAL_Driver/Src/stm32l4xx_hal_pwr_ex.o
 .ARM.attributes
                0x00000487       0x34 ./Drivers/STM32L4xx_HAL_Driver/Src/stm32l4xx_hal_rcc.o
 .ARM.attributes
                0x000004bb       0x34 ./Drivers/STM32L4xx_HAL_Driver/Src/stm32l4xx_hal_rcc_ex.o
 .ARM.attributes
                0x000004ef       0x34 ./Drivers/STM32L4xx_HAL_Driver/Src/stm32l4xx_hal_tim.o
 .ARM.attributes
                0x00000523       0x34 ./Drivers/STM32L4xx_HAL_Driver/Src/stm32l4xx_hal_tim_ex.o
 .ARM.attributes
                0x00000557       0x34 ./Drivers/STM32L4xx_HAL_Driver/Src/stm32l4xx_hal_uart.o
 .ARM.attributes
                0x0000058b       0x34 ./Drivers/STM32L4xx_HAL_Driver/Src/stm32l4xx_hal_uart_ex.o
 .ARM.attributes
                0x000005bf       0x34 ./Middlewares/Third_Party/FreeRTOS/Source/CMSIS_RTOS_V2/cmsis_os2.o
 .ARM.attributes
                0x000005f3       0x34 ./Middlewares/Third_Party/FreeRTOS/Source/list.o
 .ARM.attributes
                0x00000627       0x34 ./Middlewares/Third_Party/FreeRTOS/Source/queue.o
 .ARM.attributes
                0x0000065b       0x34 ./Middlewares/Third_Party/FreeRTOS/Source/tasks.o
 .ARM.attributes
                0x0000068f       0x34 ./Middlewares/Third_Party/FreeRTOS/Source/timers.o
 .ARM.attributes
                0x000006c3       0x34 ./Middlewares/Third_Party/FreeRTOS/Source/portable/GCC/ARM_CM4F/port.o
 .ARM.attributes
                0x000006f7       0x34 ./Middlewares/Third_Party/FreeRTOS/Source/portable/MemMang/heap_4.o
 .ARM.attributes
                0x0000072b       0x34 C:/ST/STM32CubeIDE_1.19.0/STM32CubeIDE/plugins/com.st.stm32cube.ide.mcu.externaltools.gnu-tools-for-stm32.13.3.rel1.win32_1.0.0.202411081344/tools/bin/../lib/gcc/arm-none-eabi/13.3.1/../../../../arm-none-eabi/lib/thumb/v7e-m+fp/hard\libc_nano.a(libc_a-malloc.o)
 .ARM.attributes
                0x0000075f       0x34 C:/ST/STM32CubeIDE_1.19.0/STM32CubeIDE/plugins/com.st.stm32cube.ide.mcu.externaltools.gnu-tools-for-stm32.13.3.rel1.win32_1.0.0.202411081344/tools/bin/../lib/gcc/arm-none-eabi/13.3.1/../../../../arm-none-eabi/lib/thumb/v7e-m+fp/hard\libc_nano.a(libc_a-mallocr.o)
 .ARM.attributes
                0x00000793       0x34 C:/ST/STM32CubeIDE_1.19.0/STM32CubeIDE/plugins/com.st.stm32cube.ide.mcu.externaltools.gnu-tools-for-stm32.13.3.rel1.win32_1.0.0.202411081344/tools/bin/../lib/gcc/arm-none-eabi/13.3.1/../../../../arm-none-eabi/lib/thumb/v7e-m+fp/hard\libc_nano.a(libc_a-mlock.o)
 .ARM.attributes
                0x000007c7       0x34 C:/ST/STM32CubeIDE_1.19.0/STM32CubeIDE/plugins/com.st.stm32cube.ide.mcu.externaltools.gnu-tools-for-stm32.13.3.rel1.win32_1.0.0.202411081344/tools/bin/../lib/gcc/arm-none-eabi/13.3.1/../../../../arm-none-eabi/lib/thumb/v7e-m+fp/hard\libc_nano.a(libc_a-findfp.o)
 .ARM.attributes
                0x000007fb       0x34 C:/ST/STM32CubeIDE_1.19.0/STM32CubeIDE/plugins/com.st.stm32cube.ide.mcu.externaltools.gnu-tools-for-stm32.13.3.rel1.win32_1.0.0.202411081344/tools/bin/../lib/gcc/arm-none-eabi/13.3.1/../../../../arm-none-eabi/lib/thumb/v7e-m+fp/hard\libc_nano.a(libc_a-snprintf.o)
 .ARM.attributes
                0x0000082f       0x34 C:/ST/STM32CubeIDE_1.19.0/STM32CubeIDE/plugins/com.st.stm32cube.ide.mcu.externaltools.gnu-tools-for-stm32.13.3.rel1.win32_1.0.0.202411081344/tools/bin/../lib/gcc/arm-none-eabi/13.3.1/../../../../arm-none-eabi/lib/thumb/v7e-m+fp/hard\libc_nano.a(libc_a-memset.o)
 .ARM.attributes
                0x00000863       0x34 C:/ST/STM32CubeIDE_1.19.0/STM32CubeIDE/plugins/com.st.stm32cube.ide.mcu.externaltools.gnu-tools-for-stm32.13.3.rel1.win32_1.0.0.202411081344/tools/bin/../lib/gcc/arm-none-eabi/13.3.1/../../../../arm-none-eabi/lib/thumb/v7e-m+fp/hard\libc_nano.a(libc_a-strncmp.o)
 .ARM.attributes
                0x00000897       0x34 C:/ST/STM32CubeIDE_1.19.0/STM32CubeIDE/plugins/com.st.stm32cube.ide.mcu.externaltools.gnu-tools-for-stm32.13.3.rel1.win32_1.0.0.202411081344/tools/bin/../lib/gcc/arm-none-eabi/13.3.1/../../../../arm-none-eabi/lib/thumb/v7e-m+fp/hard\libc_nano.a(libc_a-reent.o)
 .ARM.attributes
                0x000008cb       0x34 C:/ST/STM32CubeIDE_1.19.0/STM32CubeIDE/plugins/com.st.stm32cube.ide.mcu.externaltools.gnu-tools-for-stm32.13.3.rel1.win32_1.0.0.202411081344/tools/bin/../lib/gcc/arm-none-eabi/13.3.1/../../../../arm-none-eabi/lib/thumb/v7e-m+fp/hard\libc_nano.a(libc_a-impure.o)
 .ARM.attributes
                0x000008ff       0x34 C:/ST/STM32CubeIDE_1.19.0/STM32CubeIDE/plugins/com.st.stm32cube.ide.mcu.externaltools.gnu-tools-for-stm32.13.3.rel1.win32_1.0.0.202411081344/tools/bin/../lib/gcc/arm-none-eabi/13.3.1/../../../../arm-none-eabi/lib/thumb/v7e-m+fp/hard\libc_nano.a(libc_a-sbrkr.o)
 .ARM.attributes
                0x00000933       0x34 C:/ST/STM32CubeIDE_1.19.0/STM32CubeIDE/plugins/com.st.stm32cube.ide.mcu.externaltools.gnu-tools-for-stm32.13.3.rel1.win32_1.0.0.202411081344/tools/bin/../lib/gcc/arm-none-eabi/13.3.1/../../../../arm-none-eabi/lib/thumb/v7e-m+fp/hard\libc_nano.a(libc_a-errno.o)
 .ARM.attributes
                0x00000967       0x34 C:/ST/STM32CubeIDE_1.19.0/STM32CubeIDE/plugins/com.st.stm32cube.ide.mcu.externaltools.gnu-tools-for-stm32.13.3.rel1.win32_1.0.0.202411081344/tools/bin/../lib/gcc/arm-none-eabi/13.3.1/../../../../arm-none-eabi/lib/thumb/v7e-m+fp/hard\libc_nano.a(libc_a-init.o)
 .ARM.attributes
                0x0000099b       0x34 C:/ST/STM32CubeIDE_1.19.0/STM32CubeIDE/plugins/com.st.stm32cube.ide.mcu.externaltools.gnu-tools-for-stm32.13.3.rel1.win32_1.0.0.202411081344/tools/bin/../lib/gcc/arm-none-eabi/13.3.1/../../../../arm-none-eabi/lib/thumb/v7e-m+fp/hard\libc_nano.a(libc_a-lock.o)
 .ARM.attributes
                0x000009cf       0x20 C:/ST/STM32CubeIDE_1.19.0/STM32CubeIDE/plugins/com.st.stm32cube.ide.mcu.externaltools.gnu-tools-for-stm32.13.3.rel1.win32_1.0.0.202411081344/tools/bin/../lib/gcc/arm-none-eabi/13.3.1/../../../../arm-none-eabi/lib/thumb/v7e-m+fp/hard\libc_nano.a(libc_a-strcmp.o)
 .ARM.attributes
                0x000009ef       0x34 C:/ST/STM32CubeIDE_1.19.0/STM32CubeIDE/plugins/com.st.stm32cube.ide.mcu.externaltools.gnu-tools-for-stm32.13.3.rel1.win32_1.0.0.202411081344/tools/bin/../lib/gcc/arm-none-eabi/13.3.1/../../../../arm-none-eabi/lib/thumb/v7e-m+fp/hard\libc_nano.a(libc_a-strcpy.o)
 .ARM.attributes