../Core/Src/main.c:157:5:main	1
../Core/Src/main.c:271:6:SystemClock_Config	4
../Core/Src/main.c:326:13:MX_I2C3_Init	4
../Core/Src/main.c:374:13:MX_TIM6_Init	3
../Core/Src/main.c:412:13:MX_USART2_UART_Init	2
../Core/Src/main.c:447:13:MX_USART3_UART_Init	2
../Core/Src/main.c:480:13:MX_DMA_Init	1
../Core/Src/main.c:498:13:MX_GPIO_Init	1
../Core/Src/main.c:604:6:HAL_TIM_PeriodElapsedCallback	10
../Core/Src/main.c:651:6:HAL_UARTEx_RxEventCallback	2
../Core/Src/main.c:660:6:json_err_handle	2
../Core/Src/main.c:683:6:StartRS485CmdTask	25
../Core/Src/main.c:816:6:StartUpdate_input	1
../Core/Src/main.c:872:6:Error_Handler	1
