../Core/Src/monitors_config.c:30:6:monitors_set_json	16	static
../Core/Src/monitors_config.c:34:6:monitor_set_state_event	16	static
../Core/Src/monitors_config.c:40:17:find_seq_number	32	static
../Core/Src/monitors_config.c:52:20:monitor_type_to_str	16	static
../Core/Src/monitors_config.c:62:16:relay_name_to_button	16	static
../Core/Src/monitors_config.c:89:17:find_relay_monitor_by_id	24	static
../Core/Src/monitors_config.c:103:19:resolve_relay_button	24	static
../Core/Src/monitors_config.c:125:12:get_latest_event	64	static
../Core/Src/monitors_config.c:151:13:build_events_json	88	static
../Core/Src/monitors_config.c:223:12:handle_monitors_config	200	static
../Core/Src/monitors_config.c:337:12:handle_ping	240	static
../Core/Src/monitors_config.c:390:12:state_to_code	16	static
../Core/Src/monitors_config.c:394:14:get_confidence	16	static
../Core/Src/monitors_config.c:400:12:handle_read_pattern	224	static
../Core/Src/monitors_config.c:530:12:handle_read_snapshot	128	static
../Core/Src/monitors_config.c:605:12:handle_relay_set	120	static
../Core/Src/monitors_config.c:677:12:handle_relay_pulse	120	static,ignoring_inline_asm
../Core/Src/monitors_config.c:752:12:handle_relay_pulse_seq	240	static,ignoring_inline_asm
../Core/Src/monitors_config.c:877:12:handle_reset	64	static
../Core/Src/monitors_config.c:925:12:handle_poll	64	static
